drivers/net/gmac_rockchip.c:2029:12:gmac_rockchip_eth_write_hwaddr	0	static
drivers/net/gmac_rockchip.c:2105:13:gmac_rockchip_eth_stop	0	static
drivers/net/gmac_rockchip.c:2038:12:gmac_rockchip_eth_free_pkt	0	static
drivers/net/gmac_rockchip.c:2058:12:gmac_rockchip_eth_recv	0	static
drivers/net/gmac_rockchip.c:2048:12:gmac_rockchip_eth_send	0	static
drivers/net/gmac_rockchip.c:2068:12:gmac_rockchip_eth_start	64	static
drivers/net/gmac_rockchip.c:1285:13:rk3528_set_to_rmii	32	static
drivers/net/gmac_rockchip.c:522:12:rk3528_set_rgmii_speed	32	static
drivers/net/gmac_rockchip.c:1851:13:rk3562_set_clock_selection	32	static
drivers/net/gmac_rockchip.c:1368:13:rk3562_set_to_rmii	32	static
drivers/net/gmac_rockchip.c:582:12:rk3562_set_gmac_speed	32	static
drivers/net/gmac_rockchip.c:1479:13:rk3568_set_to_rgmii	32	static
drivers/net/gmac_rockchip.c:1456:13:rk3568_set_to_rmii	32	static
drivers/net/gmac_rockchip.c:1910:13:rk3588_set_clock_selection	32	static
drivers/net/gmac_rockchip.c:1567:13:rk3588_set_to_rgmii	32	static
drivers/net/gmac_rockchip.c:1531:13:rk3588_set_to_rmii	32	static
drivers/net/gmac_rockchip.c:663:12:rk3588_set_rgmii_speed	32	static
drivers/net/gmac_rockchip.c:1730:13:rv1106_set_to_rmii	16	static
drivers/net/gmac_rockchip.c:721:12:rv1106_set_rmii_speed	32	static
drivers/net/gmac_rockchip.c:1761:13:rv1126_set_to_rgmii	32	static
drivers/net/gmac_rockchip.c:1744:13:rv1126_set_to_rmii	16	static
drivers/net/gmac_rockchip.c:1211:13:rk3528_gmac_integrated_phy_powerup	64	static
drivers/net/gmac_rockchip.c:1650:13:rv1106_gmac_integrated_phy_powerup	64	static
drivers/net/gmac_rockchip.c:754:12:rv1126_set_rgmii_speed	48	static
drivers/net/gmac_rockchip.c:111:12:gmac_rockchip_ofdata_to_platdata	144	static
drivers/net/gmac_rockchip.c:1936:12:gmac_rockchip_probe	64	static
drivers/net/gmac_rockchip.c:1830:13:rk3528_set_clock_selection	32	static
drivers/net/gmac_rockchip.c:1313:13:rk3528_set_to_rgmii	32	static
drivers/net/gmac_rockchip.c:1387:13:rk3562_set_to_rgmii	32	static
drivers/net/gmac_rockchip.c:99:6:gmac_set_rgmii	48	static
