drivers/power/fuel_gauge/fg_rk817.c:262:12:interpolate	0	static
drivers/power/fuel_gauge/fg_rk817.c:578:12:rk817_bat_vol_to_cap	16	static
drivers/power/fuel_gauge/fg_rk817.c:313:13:rk817_bat_write.isra	0	static
drivers/power/fuel_gauge/fg_rk817.c:679:13:rk817_bat_save_fcc	32	static
drivers/power/fuel_gauge/fg_rk817.c:533:13:rk817_bat_save_cap	32	static
drivers/power/fuel_gauge/fg_rk817.c:592:13:rk817_bat_save_dsoc.part.0	32	static
drivers/power/fuel_gauge/fg_rk817.c:308:12:rk817_bat_read.isra	0	static
drivers/power/fuel_gauge/fg_rk817.c:729:13:rk817_bat_inc_halt_cnt	32	static
drivers/power/fuel_gauge/fg_rk817.c:775:13:rk817_bat_set_initialized_flag	32	static
drivers/power/fuel_gauge/fg_rk817.c:994:13:rk817_bat_set_input_current	32	static
drivers/power/fuel_gauge/fg_rk817.c:1016:13:rk817_bat_charger_setting	48	static
drivers/power/fuel_gauge/fg_rk817.c:617:12:rk817_bat_get_prev_cap	32	static
drivers/power/fuel_gauge/fg_rk817.c:606:12:rk817_bat_get_prev_dsoc	48	static
drivers/power/fuel_gauge/fg_rk817.c:356:12:rk817_bat_get_pwron_voltage	32	static
drivers/power/fuel_gauge/fg_rk817.c:1199:12:rk817_is_bat_exist	32	static
drivers/power/fuel_gauge/fg_rk817.c:1209:12:rk817_bat_bat_is_exist	16	static
drivers/power/fuel_gauge/fg_rk817.c:1225:12:rk817_fg_ofdata_to_platdata	64	static
drivers/power/fuel_gauge/fg_rk817.c:339:13:rk817_bat_init_voltage_kb	48	static
drivers/power/fuel_gauge/fg_rk817.c:447:13:rk817_bat_calibration	32	static
drivers/power/fuel_gauge/fg_rk817.c:502:12:rk817_bat_get_capacity_uah	48	static
drivers/power/fuel_gauge/fg_rk817.c:555:12:rk817_bat_get_rsoc	32	static
drivers/power/fuel_gauge/fg_rk817.c:468:13:rk817_bat_init_coulomb_cap	80	static
drivers/power/fuel_gauge/fg_rk817.c:371:12:rk817_bat_get_USB_voltage	32	static
drivers/power/fuel_gauge/fg_rk817.c:387:12:rk817_bat_get_sys_voltage	32	static
drivers/power/fuel_gauge/fg_rk817.c:403:12:rk817_bat_get_battery_voltage	32	static
drivers/power/fuel_gauge/fg_rk817.c:901:12:rk817_bat_update_get_voltage	16	static
drivers/power/fuel_gauge/fg_rk817.c:418:12:rk817_bat_get_avg_current	32	static
drivers/power/fuel_gauge/fg_rk817.c:911:12:rk817_bat_update_get_current	16	static
drivers/power/fuel_gauge/fg_rk817.c:1102:13:rk817_bat_debug_info	0	static
drivers/power/fuel_gauge/fg_rk817.c:921:12:rk817_bat_dwc_otg_check_dpdm	16	static
drivers/power/fuel_gauge/fg_rk817.c:933:13:rk817_bat_update_get_chrg_online	16	static
drivers/power/fuel_gauge/fg_rk817.c:966:12:rk817_bat_get_charger_type	48	static
drivers/power/fuel_gauge/fg_rk817.c:1173:12:rk817_bat_update_get_soc	32	static
drivers/power/fuel_gauge/fg_rk817.c:518:12:rk817_bat_get_capacity_mah	48	static
drivers/power/fuel_gauge/fg_rk817.c:1369:12:rk817_fg_probe	64	static
