drivers/usb/dwc3/core.c:39:13:dwc3_set_mode	0	static
drivers/usb/dwc3/core.c:192:12:dwc3_event_buffers_setup	0	static
drivers/usb/dwc3/core.c:217:13:dwc3_event_buffers_cleanup	0	static
drivers/usb/dwc3/core.c:322:13:dwc3_cache_hwparams	0	static
drivers/usb/dwc3/core.c:139:13:dwc3_free_event_buffers	32	static
drivers/usb/dwc3/core.c:602:12:dwc3_core_init_mode	32	static
drivers/usb/dwc3/core.c:298:13:dwc3_free_scratch_buffers	0	static
drivers/usb/dwc3/core.c:456:12:dwc3_core_init	48	static
drivers/usb/dwc3/core.c:159:12:dwc3_alloc_event_buffers.constprop	64	static
drivers/usb/dwc3/core.c:651:13:dwc3_core_exit_mode	32	static
drivers/usb/dwc3/core.c:690:5:dwc3_uboot_init	48	static
drivers/usb/dwc3/core.c:838:6:dwc3_uboot_exit	32	static
drivers/usb/dwc3/core.c:864:6:dwc3_uboot_handle_interrupt	0	static
drivers/usb/dwc3/core.c:883:5:dwc3_setup_phy	96	static
drivers/usb/dwc3/core.c:947:5:dwc3_shutdown_phy	64	static
drivers/usb/dwc3/core.c:968:6:dwc3_of_parse	64	static
drivers/usb/dwc3/core.c:1039:5:dwc3_init	32	static
drivers/usb/dwc3/core.c:1081:6:dwc3_remove	32	static
