drivers/video/drm/analogix_dp_reg.c:37:13:analogix_dp_write	0	static
drivers/video/drm/analogix_dp_reg.c:44:12:analogix_dp_read	0	static
drivers/video/drm/analogix_dp_reg.c:51:6:analogix_dp_enable_video_mute	16	static
drivers/video/drm/analogix_dp_reg.c:66:6:analogix_dp_stop_video	16	static
drivers/video/drm/analogix_dp_reg.c:85:6:analogix_dp_init_analog_param	16	static
drivers/video/drm/analogix_dp_reg.c:121:6:analogix_dp_init_interrupt	16	static
drivers/video/drm/analogix_dp_reg.c:141:6:analogix_dp_reset	32	static
drivers/video/drm/analogix_dp_reg.c:186:6:analogix_dp_swreset	0	static
drivers/video/drm/analogix_dp_reg.c:191:6:analogix_dp_config_interrupt	16	static
drivers/video/drm/analogix_dp_reg.c:212:6:analogix_dp_mute_hpd_interrupt	16	static
drivers/video/drm/analogix_dp_reg.c:226:6:analogix_dp_unmute_hpd_interrupt	16	static
drivers/video/drm/analogix_dp_reg.c:238:17:analogix_dp_get_pll_lock_status	16	static
drivers/video/drm/analogix_dp_reg.c:249:6:analogix_dp_set_pll_power_down	16	static
drivers/video/drm/analogix_dp_reg.c:264:6:analogix_dp_set_analog_power_down	16	static
drivers/video/drm/analogix_dp_reg.c:355:6:analogix_dp_init_analog_func	16	static
drivers/video/drm/analogix_dp_reg.c:378:6:analogix_dp_clear_hotplug_interrupts	16	static
drivers/video/drm/analogix_dp_reg.c:392:6:analogix_dp_init_hpd	16	static
drivers/video/drm/analogix_dp_reg.c:406:6:analogix_dp_force_hpd	16	static
drivers/video/drm/analogix_dp_reg.c:415:18:analogix_dp_get_irq_type	16	static
drivers/video/drm/analogix_dp_reg.c:442:6:analogix_dp_reset_aux	16	static
drivers/video/drm/analogix_dp_reg.c:452:6:analogix_dp_init_aux	16	static
drivers/video/drm/analogix_dp_reg.c:483:5:analogix_dp_detect	16	static
drivers/video/drm/analogix_dp_reg.c:500:6:analogix_dp_enable_sw_function	16	static
drivers/video/drm/analogix_dp_reg.c:509:5:analogix_dp_get_plug_in_status	16	static
drivers/video/drm/analogix_dp_reg.c:520:5:analogix_dp_start_aux_transaction	48	static
drivers/video/drm/analogix_dp_reg.c:565:5:analogix_dp_write_byte_to_dpcd	64	static
drivers/video/drm/analogix_dp_reg.c:607:5:analogix_dp_read_byte_from_dpcd	64	static
drivers/video/drm/analogix_dp_reg.c:649:5:analogix_dp_write_bytes_to_dpcd	112	static
drivers/video/drm/analogix_dp_reg.c:710:5:analogix_dp_read_bytes_from_dpcd	112	static
drivers/video/drm/analogix_dp_reg.c:773:5:analogix_dp_select_i2c_device	16	static
drivers/video/drm/analogix_dp_reg.c:806:5:analogix_dp_read_byte_from_i2c	64	static
drivers/video/drm/analogix_dp_reg.c:848:5:analogix_dp_read_bytes_from_i2c	80	static
drivers/video/drm/analogix_dp_reg.c:917:6:analogix_dp_ssc_supported	0	static
drivers/video/drm/analogix_dp_reg.c:923:6:analogix_dp_set_link_bandwidth	144	static
drivers/video/drm/analogix_dp_reg.c:954:6:analogix_dp_get_link_bandwidth	16	static
drivers/video/drm/analogix_dp_reg.c:962:6:analogix_dp_set_lane_count	128	static
drivers/video/drm/analogix_dp_reg.c:983:6:analogix_dp_get_lane_count	16	static
drivers/video/drm/analogix_dp_reg.c:991:6:analogix_dp_set_lane_link_training	144	static
drivers/video/drm/analogix_dp_reg.c:1027:5:analogix_dp_get_lane_link_training	0	static
drivers/video/drm/analogix_dp_reg.c:1033:6:analogix_dp_enable_enhanced_mode	16	static
drivers/video/drm/analogix_dp_reg.c:1049:6:analogix_dp_set_training_pattern	0	static
drivers/video/drm/analogix_dp_reg.c:1086:6:analogix_dp_reset_macro	32	static
drivers/video/drm/analogix_dp_reg.c:1101:6:analogix_dp_init_video	16	static
drivers/video/drm/analogix_dp_reg.c:1124:6:analogix_dp_set_video_color_format	16	static
drivers/video/drm/analogix_dp_reg.c:1144:5:analogix_dp_is_slave_video_stream_clock_on	16	static
drivers/video/drm/analogix_dp_reg.c:1167:6:analogix_dp_set_video_cr_mn	16	static
drivers/video/drm/analogix_dp_reg.c:1201:6:analogix_dp_set_video_timing_mode	16	static
drivers/video/drm/analogix_dp_reg.c:1216:6:analogix_dp_enable_video_master	16	static
drivers/video/drm/analogix_dp_reg.c:1233:6:analogix_dp_start_video	16	static
drivers/video/drm/analogix_dp_reg.c:1242:5:analogix_dp_is_video_stream_on	16	static
drivers/video/drm/analogix_dp_reg.c:1256:6:analogix_dp_config_video_slave_mode	16	static
drivers/video/drm/analogix_dp_reg.c:1284:6:analogix_dp_enable_scrambling	16	static
drivers/video/drm/analogix_dp_reg.c:1293:6:analogix_dp_disable_scrambling	16	static
drivers/video/drm/analogix_dp_reg.c:1302:6:analogix_dp_set_video_format	16	static
drivers/video/drm/analogix_dp_reg.c:1361:6:analogix_dp_video_bist_enable	16	static
