drivers/video/drm/dw_hdmi.c:213:13:dw_hdmi_writel	0	static
drivers/video/drm/dw_hdmi.c:218:11:dw_hdmi_readl	0	static
drivers/video/drm/dw_hdmi.c:223:13:dw_hdmi_writeb	0	static
drivers/video/drm/dw_hdmi.c:228:11:dw_hdmi_readb	0	static
drivers/video/drm/dw_hdmi.c:243:13:hdmi_modb	48	static
drivers/video/drm/dw_hdmi.c:257:13:hdmi_bus_fmt_is_rgb	0	static
drivers/video/drm/dw_hdmi.c:271:13:hdmi_bus_fmt_is_yuv444	0	static
drivers/video/drm/dw_hdmi.c:285:13:hdmi_bus_fmt_is_yuv422	0	static
drivers/video/drm/dw_hdmi.c:298:13:hdmi_bus_fmt_is_yuv420	0	static
drivers/video/drm/dw_hdmi.c:312:12:hdmi_bus_fmt_color_depth	0	static
drivers/video/drm/dw_hdmi.c:992:1:dw_hdmi_phy_read_hpd	16	static
drivers/video/drm/dw_hdmi.c:1758:13:hdmi_set_cts_n	48	static
drivers/video/drm/dw_hdmi.c:562:12:dw_hdmi_i2c_xfer	112	static
drivers/video/drm/dw_hdmi.c:909:13:rockchip_dw_hdmi_scdc_set_tmds_rate	48	static
drivers/video/drm/dw_hdmi.c:343:12:is_color_space_conversion	32	static
drivers/video/drm/dw_hdmi.c:635:13:dw_hdmi_phy_i2c_write	48	static
drivers/video/drm/dw_hdmi.c:774:5:hdmi_phy_configure_dwc_hdmi_3d_tx	64	static
drivers/video/drm/dw_hdmi.c:1891:6:hdmi_set_clk_regenerator	64	static
drivers/video/drm/dw_hdmi.c:698:13:dw_hdmi_phy_power_off	32	static
drivers/video/drm/dw_hdmi.c:985:13:dw_hdmi_phy_disable	0	static
drivers/video/drm/dw_hdmi.c:968:12:dw_hdmi_phy_init	64	static
drivers/video/drm/dw_hdmi.c:1930:6:dw_hdmi_set_sample_rate	0	static
drivers/video/drm/dw_hdmi.c:2183:5:dw_hdmi_detect_hotplug	0	static
drivers/video/drm/dw_hdmi.c:2307:6:dw_hdmi_audio_enable	0	static
drivers/video/drm/dw_hdmi.c:2313:6:dw_hdmi_audio_disable	0	static
drivers/video/drm/dw_hdmi.c:2319:5:rockchip_dw_hdmi_init	112	dynamic
drivers/video/drm/dw_hdmi.c:2480:6:rockchip_dw_hdmi_deinit	32	static
drivers/video/drm/dw_hdmi.c:2492:5:rockchip_dw_hdmi_prepare	0	static
drivers/video/drm/dw_hdmi.c:2497:5:rockchip_dw_hdmi_enable	224	static
drivers/video/drm/dw_hdmi.c:2514:5:rockchip_dw_hdmi_disable	32	static
drivers/video/drm/dw_hdmi.c:2522:5:rockchip_dw_hdmi_get_timing	112	static
drivers/video/drm/dw_hdmi.c:2632:5:rockchip_dw_hdmi_detect	0	static
drivers/video/drm/dw_hdmi.c:2645:5:rockchip_dw_hdmi_get_edid	0	static
drivers/video/drm/dw_hdmi.c:2656:5:inno_dw_hdmi_phy_init	48	static
drivers/video/drm/dw_hdmi.c:2681:6:inno_dw_hdmi_phy_disable	0	static
drivers/video/drm/dw_hdmi.c:2686:1:inno_dw_hdmi_phy_read_hpd	32	static
drivers/video/drm/dw_hdmi.c:2703:6:inno_dw_hdmi_mode_valid	96	static
