drivers/video/drm/rockchip_vop2.c:1488:13:is_yuv_output	0	static
drivers/video/drm/rockchip_vop2.c:1643:13:rk3588_vop2_load_lut	0	static
drivers/video/drm/rockchip_vop2.c:1778:13:vop2_bcsh_reg_update	0	static
drivers/video/drm/rockchip_vop2.c:1885:13:vop2_setup_dly_for_vp	0	static
drivers/video/drm/rockchip_vop2.c:3524:13:vop3_mcu_mode_setup	0	static
drivers/video/drm/rockchip_vop2.c:4117:13:vop2_axi_config	0	static
drivers/video/drm/rockchip_vop2.c:4482:12:rockchip_vop2_prepare	0	static
drivers/video/drm/rockchip_vop2.c:4506:12:rockchip_vop2_enable	0	static
drivers/video/drm/rockchip_vop2.c:4531:12:rockchip_vop2_disable	0	static
drivers/video/drm/rockchip_vop2.c:4751:12:rockchip_vop2_apply_soft_te	64	static
drivers/video/drm/rockchip_vop2.c:4819:12:rockchip_vop2_active_regs_dump	80	static
drivers/video/drm/rockchip_vop2.c:4790:12:rockchip_vop2_regs_dump	80	static
drivers/video/drm/rockchip_vop2.c:4635:12:rockchip_vop2_check	16	static
drivers/video/drm/rockchip_vop2.c:1510:12:vop2_convert_csc_mode	16	static
drivers/video/drm/rockchip_vop2.c:1819:13:vop2_tv_config_update	96	static
drivers/video/drm/rockchip_vop2.c:1997:13:vop3_post_acm_config	48	static
drivers/video/drm/rockchip_vop2.c:4672:12:rockchip_vop2_mode_fixup	48	static
drivers/video/drm/rockchip_vop2.c:4653:12:rockchip_vop2_mode_valid	80	static
drivers/video/drm/rockchip_vop2.c:3245:14:vop2_clk_set_rate	16	static
drivers/video/drm/rockchip_vop2.c:3568:12:rockchip_vop2_send_mcu_cmd	64	static
drivers/video/drm/rockchip_vop2.c:4592:12:rockchip_vop2_fixup_dts	128	static
drivers/video/drm/rockchip_vop2.c:1450:14:get_plane_name	32	static
drivers/video/drm/rockchip_vop2.c:1418:14:get_output_if_name	32	static
drivers/video/drm/rockchip_vop2.c:2059:13:vop3_post_csc_config	160	static
drivers/video/drm/rockchip_vop2.c:2591:22:vop2_calc_dclk	0	static
drivers/video/drm/rockchip_vop2.c:1298:17:vop3_scale_factor.part.0	80	static
drivers/video/drm/rockchip_vop2.c:1252:17:vop2_scale_factor.part.0	80	static
drivers/video/drm/rockchip_vop2.c:3484:13:is_extend_pll	144	static
drivers/video/drm/rockchip_vop2.c:2338:13:vop3_ignore_plane	0	static
drivers/video/drm/rockchip_vop2.c:2197:12:vop2_power_domain_on	48	static
drivers/video/drm/rockchip_vop2.c:3304:13:vop2_dsc_enable	320	static
drivers/video/drm/rockchip_vop2.c:1602:30:vop2_find_win_by_phys_id.isra	0	static
drivers/video/drm/rockchip_vop2.c:1938:13:vop2_post_config	64	static
drivers/video/drm/rockchip_vop2.c:4721:12:rockchip_vop2_plane_check	80	static
drivers/video/drm/rockchip_vop2.c:2539:12:rockchip_vop2_preinit	96	static
drivers/video/drm/rockchip_vop2.c:3973:13:vop2_setup_scale	128	static
drivers/video/drm/rockchip_vop2.c:4153:12:vop2_set_cluster_win	112	static
drivers/video/drm/rockchip_vop2.c:4248:12:vop2_set_smart_win	144	static
drivers/video/drm/rockchip_vop2.c:4415:12:rockchip_vop2_set_plane	176	static
drivers/video/drm/rockchip_vop2.c:3651:12:rockchip_vop2_init	352	static
