include/linux/unaligned/le_byteshift.h:11:19:__get_unaligned_le32	0	static
drivers/video/drm/rockchip_display.c:2122:5:rockchip_display_bind	16	static
drivers/video/drm/rockchip_display.c:1380:34:rockchip_of_graph_get_port_parent	32	static
drivers/video/drm/rockchip_display.c:1535:29:rockchip_of_find_phy	32	static
drivers/video/drm/rockchip_display.c:538:12:display_get_edid_mode.isra	64	static
drivers/video/drm/rockchip_display.c:79:5:rockchip_get_baseparameter	1048816	dynamic,bounded
drivers/video/drm/rockchip_display.c:114:25:rockchip_get_disp_info	48	static
drivers/video/drm/rockchip_display.c:239:7:get_display_buffer	16	static
drivers/video/drm/rockchip_display.c:277:15:get_cubic_lut_buffer	0	static
drivers/video/drm/rockchip_display.c:288:6:can_direct_logo	0	static
drivers/video/drm/rockchip_display.c:321:5:rockchip_ofnode_get_display_mode	128	static
drivers/video/drm/rockchip_display.c:940:12:display_logo	224	static
drivers/video/drm/rockchip_display.c:807:5:display_send_mcu_cmd	0	static
drivers/video/drm/rockchip_display.c:1085:29:find_or_alloc_logo_cache	48	static
drivers/video/drm/rockchip_display.c:1146:12:load_bmp_logo	96	static
drivers/video/drm/rockchip_display.c:1248:6:rockchip_show_fbbase	48	static
drivers/video/drm/rockchip_display.c:1264:5:rockchip_show_bmp	48	static
drivers/video/drm/rockchip_display.c:2155:12:do_rockchip_show_bmp	16	static
drivers/video/drm/rockchip_display.c:1285:5:rockchip_show_logo	64	static
drivers/video/drm/rockchip_display.c:2144:12:do_rockchip_logo_show	16	static
drivers/video/drm/rockchip_display.c:1323:5:rockchip_vop_dump	64	static
drivers/video/drm/rockchip_display.c:2166:12:do_rockchip_vop_dump	0	static
drivers/video/drm/rockchip_display.c:1394:1:rockchip_of_graph_get_endpoint_by_regs	64	static
drivers/video/drm/rockchip_display.c:1418:1:rockchip_of_graph_get_remote_node.constprop	32	static
drivers/video/drm/rockchip_display.c:1508:12:rockchip_of_find_panel_or_bridge.isra	80	static
drivers/video/drm/rockchip_display.c:1740:12:rockchip_display_probe	176	static
drivers/video/drm/rockchip_display.c:1961:6:rockchip_display_fixup	80	static
