
Discarded input sections

 .data          0x0000000000000000        0x0 arch/arm/cpu/armv8/start.o
 .bss           0x0000000000000000        0x0 arch/arm/cpu/armv8/start.o
 .text          0x0000000000000000        0x0 arch/arm/mach-rockchip/built-in.o
 .text.rockchip_get_boot_mode
                0x0000000000000000      0x1e8 arch/arm/mach-rockchip/built-in.o
 .text.param_parse_ddr_mem
                0x0000000000000000      0x168 arch/arm/mach-rockchip/built-in.o
 .text.param_parse_pre_serial
                0x0000000000000000       0x9c arch/arm/mach-rockchip/built-in.o
 .text.param_parse_pubkey_fuse_programmed
                0x0000000000000000       0x58 arch/arm/mach-rockchip/built-in.o
 .text.rockchip_sdram_size
                0x0000000000000000      0x19c arch/arm/mach-rockchip/built-in.o
 .text.get_page_size
                0x0000000000000000       0x20 arch/arm/mach-rockchip/built-in.o
 .text.get_ddr_bw
                0x0000000000000000       0x20 arch/arm/mach-rockchip/built-in.o
 .text.dram_init_banksize
                0x0000000000000000       0x18 arch/arm/mach-rockchip/built-in.o
 .text.dram_init
                0x0000000000000000       0x34 arch/arm/mach-rockchip/built-in.o
 .text.board_get_usable_ram_top
                0x0000000000000000       0x18 arch/arm/mach-rockchip/built-in.o
 .text.rockchip_setup_ddr_param
                0x0000000000000000       0x40 arch/arm/mach-rockchip/built-in.o
 .text.rk3568_board_fdt_fixup_ethernet.isra.0
                0x0000000000000000      0x1f8 arch/arm/mach-rockchip/built-in.o
 .text.rk_board_fdt_fixup
                0x0000000000000000      0x16c arch/arm/mach-rockchip/built-in.o
 .text.rockchip_get_clk
                0x0000000000000000       0x14 arch/arm/mach-rockchip/built-in.o
 .text.rockchip_get_cru
                0x0000000000000000       0x30 arch/arm/mach-rockchip/built-in.o
 .text.rockchip_get_pmucru
                0x0000000000000000       0x3c arch/arm/mach-rockchip/built-in.o
 .text.back_to_bootrom
                0x0000000000000000       0x34 arch/arm/mach-rockchip/built-in.o
 .text.board_return_to_bootrom
                0x0000000000000000        0x8 arch/arm/mach-rockchip/built-in.o
 .text.atags_is_available
                0x0000000000000000       0x1c arch/arm/mach-rockchip/built-in.o
 .text.atags_set_bootdev_by_brom_bootsource
                0x0000000000000000       0x38 arch/arm/mach-rockchip/built-in.o
 .text.atags_set_pub_key
                0x0000000000000000       0x78 arch/arm/mach-rockchip/built-in.o
 .text.atags_destroy
                0x0000000000000000       0x28 arch/arm/mach-rockchip/built-in.o
 .rodata.rockchip_get_boot_mode.str1.1
                0x0000000000000000      0x107 arch/arm/mach-rockchip/built-in.o
 .rodata.rockchip_get_boot_mode
                0x0000000000000000        0xd arch/arm/mach-rockchip/built-in.o
 .rodata.param_parse_ddr_mem.str1.1
                0x0000000000000000       0x1a arch/arm/mach-rockchip/built-in.o
 .rodata.param_parse_pubkey_fuse_programmed.str1.1
                0x0000000000000000       0x2d arch/arm/mach-rockchip/built-in.o
 .rodata.get_page_size.str1.1
                0x0000000000000000       0x2b arch/arm/mach-rockchip/built-in.o
 .rodata.rk3568_board_fdt_fixup_ethernet.isra.0.str1.1
                0x0000000000000000       0xc8 arch/arm/mach-rockchip/built-in.o
 .rodata.rk_board_fdt_fixup.str1.1
                0x0000000000000000       0x57 arch/arm/mach-rockchip/built-in.o
 .rodata.back_to_bootrom.str1.1
                0x0000000000000000       0x1a arch/arm/mach-rockchip/built-in.o
 .eh_frame      0x0000000000000000      0x750 arch/arm/mach-rockchip/built-in.o
 .bss           0x0000000000000000        0x0 arch/arm/mach-rockchip/built-in.o
 .text.sdelay   0x0000000000000000        0xc arch/arm/cpu/armv8/built-in.o
 .text.cleanup_before_linux
                0x0000000000000000       0x2c arch/arm/cpu/armv8/built-in.o
 .text.timer_read_counter
                0x0000000000000000        0xc arch/arm/cpu/armv8/built-in.o
 .text.usec2ticks
                0x0000000000000000       0x44 arch/arm/cpu/armv8/built-in.o
 .text.timer_get_boot_us
                0x0000000000000000       0x14 arch/arm/cpu/armv8/built-in.o
 .text.set_one_region
                0x0000000000000000       0xd8 arch/arm/cpu/armv8/built-in.o
 .text.flush_dcache_all
                0x0000000000000000       0x14 arch/arm/cpu/armv8/built-in.o
 .text.dcache_status
                0x0000000000000000       0x34 arch/arm/cpu/armv8/built-in.o
 .text.arch_get_page_table
                0x0000000000000000       0x20 arch/arm/cpu/armv8/built-in.o
 .text.mmu_set_region_dcache_behaviour
                0x0000000000000000       0xa8 arch/arm/cpu/armv8/built-in.o
 .text.mmu_change_region_attr
                0x0000000000000000       0xe8 arch/arm/cpu/armv8/built-in.o
 .text.icache_status
                0x0000000000000000       0x34 arch/arm/cpu/armv8/built-in.o
 .text.icache_enable
[...]
Memory Configuration

Name             Origin             Length             Attributes
.sram            0x0000000000000000 0x0000000000040000
.sdram           0x0000000003fe0000 0x0000000000010000
*default*        0x0000000000000000 0xffffffffffffffff

Linker script and memory map


.text           0x0000000000000000    0x2408c
                0x0000000000000000                . = ALIGN (0x8)
 *(.__image_copy_start)
 .__image_copy_start
                0x0000000000000000        0x0 arch/arm/lib/built-in.o
                0x0000000000000000                __image_copy_start
 arch/arm/cpu/armv8/start.o(.text*)
 .text          0x0000000000000000      0x188 arch/arm/cpu/armv8/start.o
                0x0000000000000000                _start
                0x0000000000000008                _TEXT_BASE
                0x0000000000000010                _end_ofs
                0x0000000000000018                _bss_start_ofs
                0x0000000000000020                _bss_end_ofs
                0x000000000000002c                save_boot_params_ret
                0x0000000000000100                apply_core_errata
                0x0000000000000124                lowlevel_init
                0x0000000000000130                smp_kick_all_cpus
                0x000000000000013c                c_runtime_cpu_setup
 *(.text*)
 .text.board_fit_image_post_process
                0x0000000000000188      0x174 arch/arm/mach-rockchip/built-in.o
                0x0000000000000188                board_fit_image_post_process
 .text.fit_board_verify_required_sigs
                0x00000000000002fc       0x24 arch/arm/mach-rockchip/built-in.o
                0x00000000000002fc                fit_board_verify_required_sigs
 .text.board_debug_uart_init
                0x0000000000000320       0x30 arch/arm/mach-rockchip/built-in.o
                0x0000000000000320                board_debug_uart_init
 .text.fit_standalone_release
                0x0000000000000350       0x64 arch/arm/mach-rockchip/built-in.o
                0x0000000000000350                fit_standalone_release
 .text.arch_cpu_init
                0x00000000000003b4      0x274 arch/arm/mach-rockchip/built-in.o
                0x00000000000003b4                arch_cpu_init
 .text.spl_fit_standalone_release
                0x0000000000000628        0x4 arch/arm/mach-rockchip/built-in.o
                0x0000000000000628                spl_fit_standalone_release
 .text.save_boot_params
                0x000000000000062c       0xa8 arch/arm/mach-rockchip/built-in.o
                0x000000000000062c                save_boot_params
 .text.board_spl_was_booted_from
                0x00000000000006d4       0x38 arch/arm/mach-rockchip/built-in.o
                0x00000000000006d4                board_spl_was_booted_from
 .text.spl_boot_device
                0x000000000000070c        0x8 arch/arm/mach-rockchip/built-in.o
                0x000000000000070c                spl_boot_device
 .text.spl_boot_mode
                0x0000000000000714        0x8 arch/arm/mach-rockchip/built-in.o
                0x0000000000000714                spl_boot_mode
 .text.rockchip_stimer_init
                0x000000000000071c       0x48 arch/arm/mach-rockchip/built-in.o
                0x000000000000071c                rockchip_stimer_init
 .text.rk_board_init_f
                0x0000000000000764        0x8 arch/arm/mach-rockchip/built-in.o
                0x0000000000000764                rk_board_init_f
 .text.board_init_f
                0x000000000000076c       0x70 arch/arm/mach-rockchip/built-in.o
                0x000000000000076c                board_init_f
 .text.board_fit_config_name_match
                0x00000000000007dc        0x8 arch/arm/mach-rockchip/built-in.o
                0x00000000000007dc                board_fit_config_name_match
 .text.board_init_f_boot_flags
                0x00000000000007e4       0x7c arch/arm/mach-rockchip/built-in.o
                0x00000000000007e4                board_init_f_boot_flags
 .text.rk_spl_board_init
                0x0000000000000860        0x8 arch/arm/mach-rockchip/built-in.o
                0x0000000000000860                rk_spl_board_init
 .text.spl_board_init
                0x0000000000000868        0x4 arch/arm/mach-rockchip/built-in.o
                0x0000000000000868                spl_board_init
 .text.spl_perform_fixups
                0x000000000000086c        0x8 arch/arm/mach-rockchip/built-in.o
                0x000000000000086c                spl_perform_fixups
 .text.spl_hang_reset
                0x0000000000000874       0x54 arch/arm/mach-rockchip/built-in.o
                0x0000000000000874                spl_hang_reset
 .text.spl_board_prepare_for_jump
                0x00000000000008c8        0x8 arch/arm/mach-rockchip/built-in.o
                0x00000000000008c8                spl_board_prepare_for_jump
 .text.board_boot_order
                0x00000000000008d0      0x1f8 arch/arm/mach-rockchip/built-in.o
                0x00000000000008d0                board_boot_order
 .text.js_hash  0x0000000000000ac8       0x4c arch/arm/mach-rockchip/built-in.o
 .text.atags_bad_magic
                0x0000000000000b14       0x54 arch/arm/mach-rockchip/built-in.o
                0x0000000000000b14                atags_bad_magic
 .text.atags_overflow
                0x0000000000000b68       0x48 arch/arm/mach-rockchip/built-in.o
                0x0000000000000b68                atags_overflow
 .text.atags_set_tag
                0x0000000000000bb0      0x174 arch/arm/mach-rockchip/built-in.o
                0x0000000000000bb0                atags_set_tag
 .text.atags_get_tag
                0x0000000000000d24       0x9c arch/arm/mach-rockchip/built-in.o
                0x0000000000000d24                atags_get_tag
 .text.get_bootdev_by_brom_bootsource
                0x0000000000000dc0       0x30 arch/arm/mach-rockchip/built-in.o
                0x0000000000000dc0                get_bootdev_by_brom_bootsource
 .text.get_bootdev_by_spl_bootdevice
                0x0000000000000df0       0x20 arch/arm/mach-rockchip/built-in.o
                0x0000000000000df0                get_bootdev_by_spl_bootdevice
 .text.atags_set_bootdev_by_spl_bootdevice
                0x0000000000000e10       0x48 arch/arm/mach-rockchip/built-in.o
                0x0000000000000e10                atags_set_bootdev_by_spl_bootdevice
 *fill*         0x0000000000000e58      0x1a8 
 .text          0x0000000000001000      0x544 arch/arm/cpu/armv8/built-in.o
                0x0000000000001000                vectors
                0x00000000000014ec                __arm_smccc_smc
                0x0000000000001518                __arm_smccc_hvc
 .text.get_tbclk
                0x0000000000001544        0x8 arch/arm/cpu/armv8/built-in.o
                0x0000000000001544                get_tbclk
 .text.get_ticks
                0x000000000000154c       0x10 arch/arm/cpu/armv8/built-in.o
                0x000000000000154c                get_ticks
 .text.count_required_pts
                0x000000000000155c       0xf8 arch/arm/cpu/armv8/built-in.o
 .text.create_table
                0x0000000000001654       0x70 arch/arm/cpu/armv8/built-in.o
 .text.split_block
                0x00000000000016c4       0x90 arch/arm/cpu/armv8/built-in.o
 .text.get_tcr  0x0000000000001754       0xe4 arch/arm/cpu/armv8/built-in.o
                0x0000000000001754                get_tcr
 .text.find_pte
                0x0000000000001838       0x8c arch/arm/cpu/armv8/built-in.o
 .text.get_page_table_size
                0x00000000000018c4       0x48 arch/arm/cpu/armv8/built-in.o
                0x00000000000018c4                get_page_table_size
 .text.setup_pgtables
                0x000000000000190c      0x16c arch/arm/cpu/armv8/built-in.o
                0x000000000000190c                setup_pgtables
 .text.mmu_setup
                0x0000000000001a78      0x13c arch/arm/cpu/armv8/built-in.o
                0x0000000000001a78                mmu_setup
 .text.invalidate_dcache_all
                0x0000000000001bb4       0x14 arch/arm/cpu/armv8/built-in.o
                0x0000000000001bb4                invalidate_dcache_all
 .text.invalidate_dcache_range
                0x0000000000001bc8        0x4 arch/arm/cpu/armv8/built-in.o
                0x0000000000001bc8                invalidate_dcache_range
 .text.flush_dcache_range
                0x0000000000001bcc        0x4 arch/arm/cpu/armv8/built-in.o
                0x0000000000001bcc                flush_dcache_range
 .text.dcache_enable
                0x0000000000001bd0      0x110 arch/arm/cpu/armv8/built-in.o
                0x0000000000001bd0                dcache_enable
 .text.dcache_disable
                0x0000000000001ce0       0x84 arch/arm/cpu/armv8/built-in.o
                0x0000000000001ce0                dcache_disable
 .text.icache_disable
                0x0000000000001d64       0x64 arch/arm/cpu/armv8/built-in.o
                0x0000000000001d64                icache_disable
 .text.invalidate_icache_all
                0x0000000000001dc8       0x14 arch/arm/cpu/armv8/built-in.o
                0x0000000000001dc8                invalidate_icache_all
 .text.__asm_dcache_level
                0x0000000000001ddc       0x64 arch/arm/cpu/armv8/built-in.o
                0x0000000000001ddc                __asm_dcache_level
 .text.__asm_dcache_all
                0x0000000000001e40       0x60 arch/arm/cpu/armv8/built-in.o
                0x0000000000001e40                __asm_dcache_all
 .text.__asm_flush_dcache_all
                0x0000000000001ea0        0x8 arch/arm/cpu/armv8/built-in.o
                0x0000000000001ea0                __asm_flush_dcache_all
 .text.__asm_invalidate_dcache_all
                0x0000000000001ea8        0x8 arch/arm/cpu/armv8/built-in.o
                0x0000000000001ea8                __asm_invalidate_dcache_all
 .text.__asm_flush_dcache_range
                0x0000000000001eb0       0x3c arch/arm/cpu/armv8/built-in.o
                0x0000000000001eb0                __asm_flush_dcache_range
 .text.__asm_invalidate_dcache_range
                0x0000000000001eec       0x34 arch/arm/cpu/armv8/built-in.o
                0x0000000000001eec                __asm_invalidate_dcache_range
 .text.__asm_invalidate_icache_all
                0x0000000000001f20        0xc arch/arm/cpu/armv8/built-in.o
                0x0000000000001f20                __asm_invalidate_icache_all
 .text.__asm_invalidate_l3_dcache
                0x0000000000001f2c        0x8 arch/arm/cpu/armv8/built-in.o
                0x0000000000001f2c                __asm_invalidate_l3_dcache
 .text.__asm_flush_l3_dcache
                0x0000000000001f34        0x8 arch/arm/cpu/armv8/built-in.o
                0x0000000000001f34                __asm_flush_l3_dcache
 .text.__asm_invalidate_l3_icache
                0x0000000000001f3c        0x8 arch/arm/cpu/armv8/built-in.o
                0x0000000000001f3c                __asm_invalidate_l3_icache
 .text.__asm_invalidate_tlb_all
                0x0000000000001f44       0x4c arch/arm/cpu/armv8/built-in.o
                0x0000000000001f44                __asm_invalidate_tlb_all
 .text          0x0000000000001f90      0x250 arch/arm/lib/built-in.o
                0x0000000000001f90                _main
                0x0000000000002008                relocate_code
                0x00000000000020dc                gic_init_secure
                0x0000000000002110                gic_init_secure_percpu
                0x00000000000021bc                gic_kick_secondary_cpus
                0x00000000000021cc                gic_wait_for_interrupt
 .text.setjmp   0x00000000000021e0       0x28 arch/arm/lib/built-in.o
                0x00000000000021e0                setjmp
 .text.longjmp  0x0000000000002208       0x40 arch/arm/lib/built-in.o
                0x0000000000002208                longjmp
 .text.disable_interrupts
                0x0000000000002248        0x8 arch/arm/lib/built-in.o
                0x0000000000002248                disable_interrupts
 .text.show_regs
                0x0000000000002250       0xc4 arch/arm/lib/built-in.o
                0x0000000000002250                show_regs
 .text.do_bad_sync
                0x0000000000002314       0x30 arch/arm/lib/built-in.o
                0x0000000000002314                do_bad_sync
 .text.do_bad_irq
                0x0000000000002344       0x30 arch/arm/lib/built-in.o
                0x0000000000002344                do_bad_irq
 .text.do_bad_fiq
                0x0000000000002374       0x30 arch/arm/lib/built-in.o
                0x0000000000002374                do_bad_fiq
 .text.do_bad_error
                0x00000000000023a4       0x30 arch/arm/lib/built-in.o
                0x00000000000023a4                do_bad_error
 .text.do_sync  0x00000000000023d4       0x30 arch/arm/lib/built-in.o
                0x00000000000023d4                do_sync
 .text.do_irq   0x0000000000002404       0x30 arch/arm/lib/built-in.o
                0x0000000000002404                do_irq
 .text.do_fiq   0x0000000000002434       0x30 arch/arm/lib/built-in.o
                0x0000000000002434                do_fiq
 .text.do_error
                0x0000000000002464       0x30 arch/arm/lib/built-in.o
                0x0000000000002464                do_error
 .text.dump_core_stack
                0x0000000000002494       0xdc arch/arm/lib/built-in.o
                0x0000000000002494                dump_core_stack
 .text.flush_cache
                0x0000000000002570        0x8 arch/arm/lib/built-in.o
                0x0000000000002570                flush_cache
 .text.show_boot_progress
                0x0000000000002578        0x4 common/spl/built-in.o
                0x0000000000002578                show_boot_progress
 .text.spl_common_init.constprop.0
                0x000000000000257c       0x78 common/spl/built-in.o
 .text.spl_next_stage
                0x00000000000025f4        0xc common/spl/built-in.o
                0x00000000000025f4                spl_next_stage
 .text.spl_board_storages_fixup
                0x0000000000002600        0x4 common/spl/built-in.o
                0x0000000000002600                spl_board_storages_fixup
 .text.spl_board_prepare_for_boot
                0x0000000000002604        0x4 common/spl/built-in.o
                0x0000000000002604                spl_board_prepare_for_boot
 .text.jump_to_image_no_args
                0x0000000000002608       0x10 common/spl/built-in.o
                0x0000000000002608                jump_to_image_no_args
 .text.spl_set_bd
                0x0000000000002618       0x18 common/spl/built-in.o
                0x0000000000002618                spl_set_bd
 .text.spl_early_init
                0x0000000000002630       0x24 common/spl/built-in.o
                0x0000000000002630                spl_early_init
 .text.spl_init
                0x0000000000002654       0x44 common/spl/built-in.o
                0x0000000000002654                spl_init
 .text.preloader_console_init
                0x0000000000002698       0x30 common/spl/built-in.o
                0x0000000000002698                preloader_console_init
 .text.spl_relocate_stack_gd
                0x00000000000026c8        0x8 common/spl/built-in.o
                0x00000000000026c8                spl_relocate_stack_gd
 .text.spl_cleanup_before_jump
                0x00000000000026d0       0x74 common/spl/built-in.o
                0x00000000000026d0                spl_cleanup_before_jump
 .text.board_init_r
                0x0000000000002744      0x1f0 common/spl/built-in.o
                0x0000000000002744                board_init_r
 .text.spl_fit_get_image_name.constprop.0
                0x0000000000002934      0x114 common/spl/built-in.o
 .text.spl_fit_get_image_node
                0x0000000000002a48       0x50 common/spl/built-in.o
 .text.spl_load_fit_image
                0x0000000000002a98      0x2e0 common/spl/built-in.o
 .text.spl_fit_append_fdt.isra.0
                0x0000000000002d78       0xf0 common/spl/built-in.o
 .text.spl_load_simple_fit
                0x0000000000002e68      0x4cc common/spl/built-in.o
                0x0000000000002e68                spl_load_simple_fit
 .text.spl_nand_fit_read
                0x0000000000003334       0x34 common/spl/built-in.o
 .text.spl_nand_load_element.constprop.0
                0x0000000000003368       0x64 common/spl/built-in.o
 .text.spl_nand_load_image
                0x00000000000033cc       0x48 common/spl/built-in.o
 .text.h_spl_load_read
                0x0000000000003414        0x8 common/spl/built-in.o
 .text.spl_mmc_find_device
                0x000000000000341c       0xa0 common/spl/built-in.o
                0x000000000000341c                spl_mmc_find_device
 .text.spl_mmc_load_image
                0x00000000000034bc      0x140 common/spl/built-in.o
                0x00000000000034bc                spl_mmc_load_image
 .text.mtd_spl_load_read
                0x00000000000035fc        0x8 common/spl/built-in.o
 .text.find_mtd_device
                0x0000000000003604       0x5c common/spl/built-in.o
                0x0000000000003604                find_mtd_device
 .text.spl_mtd_load_image
                0x0000000000003660       0xd4 common/spl/built-in.o
                0x0000000000003660                spl_mtd_load_image
 .text.spl_fit_images_find
                0x0000000000003734       0xa4 common/spl/built-in.o
 .text.bl31_entry
                0x00000000000037d8      0x110 common/spl/built-in.o
                0x00000000000037d8                bl31_entry
 .text.spl_fit_images_get_entry
                0x00000000000038e8       0x50 common/spl/built-in.o
                0x00000000000038e8                spl_fit_images_get_entry
 .text.spl_invoke_atf
                0x0000000000003938       0x94 common/spl/built-in.o
                0x0000000000003938                spl_invoke_atf
 .text.spl_slot_is_bootable
                0x00000000000039cc       0x30 common/spl/built-in.o
 .text.spl_read_ab_metadata
                0x00000000000039fc       0x90 common/spl/built-in.o
 .text.spl_ab_data_update_crc_and_byteswap
                0x0000000000003a8c       0x60 common/spl/built-in.o
 .text.spl_write_ab_metadata
                0x0000000000003aec       0x88 common/spl/built-in.o
 .text.safe_memcmp.part.0
                0x0000000000003b74       0x38 common/spl/built-in.o
 .text.spl_ab_data_read
                0x0000000000003bac      0x178 common/spl/built-in.o
 .text.spl_get_current_slot
                0x0000000000003d24      0x120 common/spl/built-in.o
                0x0000000000003d24                spl_get_current_slot
 .text.spl_ab_append_part_slot
                0x0000000000003e44       0x94 common/spl/built-in.o
                0x0000000000003e44                spl_ab_append_part_slot
 .text.spl_ab_decrease_tries
                0x0000000000003ed8       0xf8 common/spl/built-in.o
                0x0000000000003ed8                spl_ab_decrease_tries
 .text.spl_ab_decrease_reset
                0x0000000000003fd0       0x94 common/spl/built-in.o
                0x0000000000003fd0                spl_ab_decrease_reset
 .text.board_init_f_alloc_reserve
                0x0000000000004064       0x10 common/init/built-in.o
                0x0000000000004064                board_init_f_alloc_reserve
 .text.board_init_f_init_reserve
                0x0000000000004074       0x30 common/init/built-in.o
                0x0000000000004074                board_init_f_init_reserve
 .text.fdt_getprop_u32
                0x00000000000040a4       0x38 common/built-in.o
                0x00000000000040a4                fdt_getprop_u32
 .text.fit_find_config_node
                0x00000000000040dc      0x108 common/built-in.o
                0x00000000000040dc                fit_find_config_node
 .text.of_bus_default_map
                0x00000000000041e4       0xa4 common/built-in.o
 .text.of_bus_default_translate
                0x0000000000004288       0xb8 common/built-in.o
 .text.fdt_support_default_count_cells
                0x0000000000004340       0x70 common/built-in.o
                0x0000000000004340                fdt_support_default_count_cells
 .text.fdt_find_or_add_subnode
                0x00000000000043b0       0x74 common/built-in.o
                0x00000000000043b0                fdt_find_or_add_subnode
 .text.fdt_record_loadable
                0x0000000000004424      0x174 common/built-in.o
                0x0000000000004424                fdt_record_loadable
 .text.fdt_shrink_to_minimum
                0x0000000000004598       0xc8 common/built-in.o
                0x0000000000004598                fdt_shrink_to_minimum
 .text.fdt_translate_address
                0x0000000000004660      0x25c common/built-in.o
                0x0000000000004660                fdt_translate_address
 .text.fdt_get_base_address
                0x00000000000048bc       0x4c common/built-in.o
                0x00000000000048bc                fdt_get_base_address
 .text.bounce_buffer_start
                0x0000000000004908       0x88 common/built-in.o
                0x0000000000004908                bounce_buffer_start
 .text.bounce_buffer_stop
                0x0000000000004990       0x54 common/built-in.o
                0x0000000000004990                bounce_buffer_stop
 .text.putc     0x00000000000049e4       0x50 common/built-in.o
                0x00000000000049e4                putc
 .text.puts     0x0000000000004a34       0x30 common/built-in.o
                0x0000000000004a34                puts
 .text.flushc   0x0000000000004a64       0x14 common/built-in.o
                0x0000000000004a64                flushc
 .text.malloc_simple
                0x0000000000004a78       0x38 common/built-in.o
                0x0000000000004a78                malloc_simple
 .text.memalign_simple
                0x0000000000004ab0       0x64 common/built-in.o
                0x0000000000004ab0                memalign_simple
 .text.calloc   0x0000000000004b14       0x34 common/built-in.o
                0x0000000000004b14                calloc
 .text.get_table_entry_id
                0x0000000000004b48       0x50 common/built-in.o
                0x0000000000004b48                get_table_entry_id
 .text.genimg_get_os_id
                0x0000000000004b98       0x18 common/built-in.o
                0x0000000000004b98                genimg_get_os_id
 .text.genimg_get_comp_id
                0x0000000000004bb0       0x18 common/built-in.o
                0x0000000000004bb0                genimg_get_comp_id
 .text.fit_image_get_address
                0x0000000000004bc8       0x84 common/built-in.o
 .text.hw_fit_calculate_hash
                0x0000000000004c4c       0xcc common/built-in.o
 .text.fit_get_desc
                0x0000000000004d18       0x38 common/built-in.o
                0x0000000000004d18                fit_get_desc
 .text.fit_get_totalsize
                0x0000000000004d50       0x4c common/built-in.o
                0x0000000000004d50                fit_get_totalsize
 .text.fit_image_get_os
                0x0000000000004d9c       0x4c common/built-in.o
                0x0000000000004d9c                fit_image_get_os
 .text.fit_image_get_comp
                0x0000000000004de8       0x4c common/built-in.o
                0x0000000000004de8                fit_image_get_comp
 .text.fit_image_get_load
                0x0000000000004e34       0x10 common/built-in.o
                0x0000000000004e34                fit_image_get_load
 .text.fit_image_get_comp_addr
                0x0000000000004e44       0x10 common/built-in.o
                0x0000000000004e44                fit_image_get_comp_addr
 .text.fit_image_get_data_offset
                0x0000000000004e54       0x48 common/built-in.o
                0x0000000000004e54                fit_image_get_data_offset
 .text.fit_image_get_data_position
                0x0000000000004e9c       0x48 common/built-in.o
                0x0000000000004e9c                fit_image_get_data_position
 .text.fit_image_get_data_size
                0x0000000000004ee4       0x48 common/built-in.o
                0x0000000000004ee4                fit_image_get_data_size
 .text.fit_image_get_data
                0x0000000000004f2c       0xdc common/built-in.o
                0x0000000000004f2c                fit_image_get_data
 .text.fit_image_hash_get_algo
                0x0000000000005008       0x38 common/built-in.o
                0x0000000000005008                fit_image_hash_get_algo
 .text.fit_image_hash_get_value
                0x0000000000005040       0x50 common/built-in.o
                0x0000000000005040                fit_image_hash_get_value
 .text.fit_image_check_hash
                0x0000000000005090      0x1c8 common/built-in.o
                0x0000000000005090                fit_image_check_hash
 .text.fit_image_verify_with_data
                0x0000000000005258      0x134 common/built-in.o
                0x0000000000005258                fit_image_verify_with_data
 .text.subtract_modulus
                0x000000000000538c       0x3c lib/built-in.o
 .text.montgomery_mul
                0x00000000000053c8       0xe4 lib/built-in.o
 .text.rsa_convert_big_endian
                0x00000000000054ac       0x24 lib/built-in.o
 .text.rsa_mod_exp_sw
                0x00000000000054d0      0x2c8 lib/built-in.o
                0x00000000000054d0                rsa_mod_exp_sw
 .text.zcfree   0x0000000000005798        0x4 lib/built-in.o
                0x0000000000005798                zcfree
 .text.zcalloc  0x000000000000579c        0x8 lib/built-in.o
                0x000000000000579c                zcalloc
 .text.inflate_fast
                0x00000000000057a4      0x50c lib/built-in.o
                0x00000000000057a4                inflate_fast
 .text.inflate_table
                0x0000000000005cb0      0x42c lib/built-in.o
                0x0000000000005cb0                inflate_table
 .text.inflateReset
                0x00000000000060dc       0x60 lib/built-in.o
                0x00000000000060dc                inflateReset
 .text.inflateInit2_
                0x000000000000613c      0x104 lib/built-in.o
                0x000000000000613c                inflateInit2_
 .text.inflateEnd
                0x0000000000006240       0x6c lib/built-in.o
                0x0000000000006240                inflateEnd
 .text.adler32  0x00000000000062ac      0x308 lib/built-in.o
                0x00000000000062ac                adler32
 .text.inflate  0x00000000000065b4     0x133c lib/built-in.o
                0x00000000000065b4                inflate
 .text.gzfree   0x00000000000078f0        0x4 lib/built-in.o
                0x00000000000078f0                gzfree
 .text.gzalloc  0x00000000000078f4       0x10 lib/built-in.o
                0x00000000000078f4                gzalloc
 .text.gzip_parse_header
                0x0000000000007904       0xac lib/built-in.o
                0x0000000000007904                gzip_parse_header
 .text.zunzip   0x00000000000079b0      0x11c lib/built-in.o
                0x00000000000079b0                zunzip
 .text.gunzip   0x0000000000007acc       0x68 lib/built-in.o
                0x0000000000007acc                gunzip
 .text.fdt_check_header
                0x0000000000007b34       0x74 lib/built-in.o
                0x0000000000007b34                fdt_check_header
 .text.fdt_offset_ptr
                0x0000000000007ba8       0x68 lib/built-in.o
                0x0000000000007ba8                fdt_offset_ptr
 .text.fdt_next_tag
                0x0000000000007c10       0xdc lib/built-in.o
                0x0000000000007c10                fdt_next_tag
 .text._fdt_check_node_offset
                0x0000000000007cec       0x40 lib/built-in.o
                0x0000000000007cec                _fdt_check_node_offset
 .text._fdt_check_prop_offset
                0x0000000000007d2c       0x40 lib/built-in.o
                0x0000000000007d2c                _fdt_check_prop_offset
 .text.fdt_next_node
                0x0000000000007d6c       0xb0 lib/built-in.o
                0x0000000000007d6c                fdt_next_node
 .text.fdt_first_subnode
                0x0000000000007e1c       0x34 lib/built-in.o
                0x0000000000007e1c                fdt_first_subnode
 .text.fdt_next_subnode
                0x0000000000007e50       0x50 lib/built-in.o
                0x0000000000007e50                fdt_next_subnode
 .text._fdt_find_string
                0x0000000000007ea0       0x70 lib/built-in.o
                0x0000000000007ea0                _fdt_find_string
 .text.fdt_strerror
                0x0000000000007f10       0x4c lib/built-in.o
                0x0000000000007f10                fdt_strerror
 .text._fdt_blocks_misordered
                0x0000000000007f5c       0x60 lib/built-in.o
 .text._fdt_splice
                0x0000000000007fbc       0x98 lib/built-in.o
 .text._fdt_splice_mem_rsv
                0x0000000000008054       0x68 lib/built-in.o
 .text._fdt_splice_struct
                0x00000000000080bc       0x60 lib/built-in.o
 .text._fdt_add_property
                0x000000000000811c      0x148 lib/built-in.o
 .text._fdt_rw_check_header
                0x0000000000008264       0x6c lib/built-in.o
 .text.fdt_add_mem_rsv
                0x00000000000082d0       0x7c lib/built-in.o
                0x00000000000082d0                fdt_add_mem_rsv
 .text.fdt_del_mem_rsv
                0x000000000000834c       0x70 lib/built-in.o
                0x000000000000834c                fdt_del_mem_rsv
 .text.fdt_setprop_placeholder
                0x00000000000083bc       0xd4 lib/built-in.o
                0x00000000000083bc                fdt_setprop_placeholder
 .text.fdt_setprop
                0x0000000000008490       0x54 lib/built-in.o
                0x0000000000008490                fdt_setprop
 .text.fdt_add_subnode_namelen
                0x00000000000084e4      0x114 lib/built-in.o
                0x00000000000084e4                fdt_add_subnode_namelen
 .text.fdt_add_subnode
                0x00000000000085f8       0x44 lib/built-in.o
                0x00000000000085f8                fdt_add_subnode
 .text.fdt_address_cells
                0x000000000000863c       0x58 lib/built-in.o
                0x000000000000863c                fdt_address_cells
 .text.fdt_size_cells
                0x0000000000008694       0x54 lib/built-in.o
                0x0000000000008694                fdt_size_cells
 .text.fdt_path_next_separator
                0x00000000000086e8       0x6c lib/built-in.o
 .text._nextprop
                0x0000000000008754       0x64 lib/built-in.o
 .text.fdt_string
                0x00000000000087b8       0x14 lib/built-in.o
                0x00000000000087b8                fdt_string
 .text.fdt_get_mem_rsv
                0x00000000000087cc       0x60 lib/built-in.o
                0x00000000000087cc                fdt_get_mem_rsv
 .text.fdt_num_mem_rsv
                0x000000000000882c       0x28 lib/built-in.o
                0x000000000000882c                fdt_num_mem_rsv
 .text.fdt_subnode_offset_namelen
                0x0000000000008854       0xdc lib/built-in.o
                0x0000000000008854                fdt_subnode_offset_namelen
 .text.fdt_subnode_offset
                0x0000000000008930       0x44 lib/built-in.o
                0x0000000000008930                fdt_subnode_offset
 .text.fdt_get_name
                0x0000000000008974       0x84 lib/built-in.o
                0x0000000000008974                fdt_get_name
 .text.fdt_first_property_offset
                0x00000000000089f8       0x38 lib/built-in.o
                0x00000000000089f8                fdt_first_property_offset
 .text.fdt_next_property_offset
                0x0000000000008a30       0x38 lib/built-in.o
                0x0000000000008a30                fdt_next_property_offset
 .text.fdt_get_property_by_offset
                0x0000000000008a68       0x64 lib/built-in.o
                0x0000000000008a68                fdt_get_property_by_offset
 .text.fdt_get_property_namelen
                0x0000000000008acc       0xd4 lib/built-in.o
                0x0000000000008acc                fdt_get_property_namelen
 .text.fdt_get_property
                0x0000000000008ba0       0x4c lib/built-in.o
                0x0000000000008ba0                fdt_get_property
 .text.fdt_getprop_namelen
                0x0000000000008bec       0x1c lib/built-in.o
                0x0000000000008bec                fdt_getprop_namelen
 .text.fdt_getprop_by_offset
                0x0000000000008c08       0x50 lib/built-in.o
                0x0000000000008c08                fdt_getprop_by_offset
 .text.fdt_getprop
                0x0000000000008c58       0x4c lib/built-in.o
                0x0000000000008c58                fdt_getprop
 .text.fdt_get_phandle
                0x0000000000008ca4       0x78 lib/built-in.o
                0x0000000000008ca4                fdt_get_phandle
 .text.fdt_get_alias_namelen
                0x0000000000008d1c       0x64 lib/built-in.o
                0x0000000000008d1c                fdt_get_alias_namelen
 .text.fdt_path_offset_namelen
                0x0000000000008d80       0xfc lib/built-in.o
                0x0000000000008d80                fdt_path_offset_namelen
 .text.fdt_path_offset
                0x0000000000008e7c       0x34 lib/built-in.o
                0x0000000000008e7c                fdt_path_offset
 .text.fdt_get_alias
                0x0000000000008eb0       0x34 lib/built-in.o
                0x0000000000008eb0                fdt_get_alias
 .text.fdt_supernode_atdepth_offset
                0x0000000000008ee4       0xb8 lib/built-in.o
                0x0000000000008ee4                fdt_supernode_atdepth_offset
 .text.fdt_node_depth
                0x0000000000008f9c       0x30 lib/built-in.o
                0x0000000000008f9c                fdt_node_depth
 .text.fdt_parent_offset
                0x0000000000008fcc       0x44 lib/built-in.o
                0x0000000000008fcc                fdt_parent_offset
 .text.fdt_node_offset_by_phandle
                0x0000000000009010       0x84 lib/built-in.o
                0x0000000000009010                fdt_node_offset_by_phandle
 .text.fdt_stringlist_contains
                0x0000000000009094       0x98 lib/built-in.o
                0x0000000000009094                fdt_stringlist_contains
 .text.fdt_stringlist_search
                0x000000000000912c       0xc4 lib/built-in.o
                0x000000000000912c                fdt_stringlist_search
 .text.fdt_stringlist_get
                0x00000000000091f0       0xb4 lib/built-in.o
                0x00000000000091f0                fdt_stringlist_get
 .text.fdt_node_check_compatible
                0x00000000000092a4       0x4c lib/built-in.o
                0x00000000000092a4                fdt_node_check_compatible
 .text.fdt_node_offset_by_compatible
                0x00000000000092f0       0x84 lib/built-in.o
                0x00000000000092f0                fdt_node_offset_by_compatible
 .text.fdtdec_get_int
                0x0000000000009374       0x40 lib/built-in.o
                0x0000000000009374                fdtdec_get_int
 .text.get_prop_check_min_len
                0x00000000000093b4       0x48 lib/built-in.o
 .text.fdtdec_get_is_enabled
                0x00000000000093fc       0x40 lib/built-in.o
                0x00000000000093fc                fdtdec_get_is_enabled
 .text.fdtdec_next_compatible
                0x000000000000943c       0x10 lib/built-in.o
                0x000000000000943c                fdtdec_next_compatible
 .text.fdtdec_get_alias_seq
                0x000000000000944c      0x128 lib/built-in.o
                0x000000000000944c                fdtdec_get_alias_seq
 .text.fdtdec_prepare_fdt
                0x0000000000009574       0x44 lib/built-in.o
                0x0000000000009574                fdtdec_prepare_fdt
 .text.fdtdec_get_int_array
                0x00000000000095b8       0x60 lib/built-in.o
                0x00000000000095b8                fdtdec_get_int_array
 .text.fdtdec_parse_phandle_with_args
                0x0000000000009618      0x150 lib/built-in.o
                0x0000000000009618                fdtdec_parse_phandle_with_args
 .text.fdtdec_get_number
                0x0000000000009768       0x30 lib/built-in.o
                0x0000000000009768                fdtdec_get_number
 .text.fdtdec_get_addr_size_fixed
                0x0000000000009798       0x94 lib/built-in.o
                0x0000000000009798                fdtdec_get_addr_size_fixed
 .text.fdtdec_get_addr_size_auto_parent
                0x000000000000982c       0xa8 lib/built-in.o
                0x000000000000982c                fdtdec_get_addr_size_auto_parent
 .text.fdtdec_get_addr_size_auto_noparent
                0x00000000000098d4       0x7c lib/built-in.o
                0x00000000000098d4                fdtdec_get_addr_size_auto_noparent
 .text.fdtdec_get_addr_size
                0x0000000000009950       0x20 lib/built-in.o
                0x0000000000009950                fdtdec_get_addr_size
 .text.fdtdec_setup
                0x0000000000009970       0x10 lib/built-in.o
                0x0000000000009970                fdtdec_setup
 .text.crc32_no_comp
                0x0000000000009980       0xcc lib/built-in.o
                0x0000000000009980                crc32_no_comp
 .text.crc32    0x0000000000009a4c       0x1c lib/built-in.o
                0x0000000000009a4c                crc32
 .text.hang     0x0000000000009a68       0x24 lib/built-in.o
                0x0000000000009a68                hang
 .text.kmalloc  0x0000000000009a8c       0x4c lib/built-in.o
                0x0000000000009a8c                kmalloc
 .text.strncasecmp
                0x0000000000009ad8       0x74 lib/built-in.o
                0x0000000000009ad8                strncasecmp
 .text.strcasecmp
                0x0000000000009b4c        0x8 lib/built-in.o
                0x0000000000009b4c                strcasecmp
 .text.strcpy   0x0000000000009b54       0x18 lib/built-in.o
                0x0000000000009b54                strcpy
 .text.strcat   0x0000000000009b6c       0x2c lib/built-in.o
                0x0000000000009b6c                strcat
 .text.strcmp   0x0000000000009b98       0x28 lib/built-in.o
                0x0000000000009b98                strcmp
 .text.strncmp  0x0000000000009bc0       0x38 lib/built-in.o
                0x0000000000009bc0                strncmp
 .text.strchr   0x0000000000009bf8       0x28 lib/built-in.o
                0x0000000000009bf8                strchr
 .text.strchrnul
                0x0000000000009c20       0x20 lib/built-in.o
                0x0000000000009c20                strchrnul
 .text.strlen   0x0000000000009c40       0x1c lib/built-in.o
                0x0000000000009c40                strlen
 .text.strrchr  0x0000000000009c5c       0x40 lib/built-in.o
                0x0000000000009c5c                strrchr
 .text.strnlen  0x0000000000009c9c       0x28 lib/built-in.o
                0x0000000000009c9c                strnlen
 .text.strcspn  0x0000000000009cc4       0x38 lib/built-in.o
                0x0000000000009cc4                strcspn
 .text.strdup   0x0000000000009cfc       0x4c lib/built-in.o
                0x0000000000009cfc                strdup
 .text.memset   0x0000000000009d48       0x1c lib/built-in.o
                0x0000000000009d48                memset
 .text.memcpy   0x0000000000009d64       0x6c lib/built-in.o
                0x0000000000009d64                memcpy
 .text.memmove  0x0000000000009dd0       0x58 lib/built-in.o
                0x0000000000009dd0                memmove
 .text.memcmp   0x0000000000009e28       0x30 lib/built-in.o
                0x0000000000009e28                memcmp
 .text.memchr   0x0000000000009e58       0x30 lib/built-in.o
                0x0000000000009e58                memchr
 .text.timer_init
                0x0000000000009e88        0x8 lib/built-in.o
                0x0000000000009e88                timer_init
 .text.get_timer
                0x0000000000009e90       0x3c lib/built-in.o
                0x0000000000009e90                get_timer
 .text.timer_get_us
                0x0000000000009ecc       0x38 lib/built-in.o
                0x0000000000009ecc                timer_get_us
 .text.__udelay
                0x0000000000009f04       0x4c lib/built-in.o
                0x0000000000009f04                __udelay
 .text.udelay   0x0000000000009f50       0x44 lib/built-in.o
                0x0000000000009f50                udelay
 .text.uuid_bin_to_str
                0x0000000000009f94       0xc0 lib/built-in.o
                0x0000000000009f94                uuid_bin_to_str
 .text.div_out  0x000000000000a054       0x60 lib/built-in.o
 .text.putc_outstr
                0x000000000000a0b4       0x14 lib/built-in.o
 .text.putc_normal
                0x000000000000a0c8        0x8 lib/built-in.o
 .text._vprintf
                0x000000000000a0d0      0x498 lib/built-in.o
 .text.vprintf  0x000000000000a568       0x44 lib/built-in.o
                0x000000000000a568                vprintf
 .text.printf   0x000000000000a5ac       0x8c lib/built-in.o
                0x000000000000a5ac                printf
 .text.sprintf  0x000000000000a638       0x90 lib/built-in.o
                0x000000000000a638                sprintf
 .text.snprintf
                0x000000000000a6c8       0x94 lib/built-in.o
                0x000000000000a6c8                snprintf
 .text.panic    0x000000000000a75c       0x7c lib/built-in.o
                0x000000000000a75c                panic
 .text.simple_strtoul
                0x000000000000a7d8      0x108 lib/built-in.o
                0x000000000000a7d8                simple_strtoul
 .text.trailing_strtoln
                0x000000000000a8e0       0x78 lib/built-in.o
                0x000000000000a8e0                trailing_strtoln
 .text.trailing_strtol
                0x000000000000a958        0x8 lib/built-in.o
                0x000000000000a958                trailing_strtol
 .text.part_driver_lookup_type
                0x000000000000a960       0xa4 disk/built-in.o
 .text.part_get_info_by_name_option
                0x000000000000aa04      0x120 disk/built-in.o
 .text.part_init
                0x000000000000ab24       0x7c disk/built-in.o
                0x000000000000ab24                part_init
 .text.part_get_info
                0x000000000000aba0       0x68 disk/built-in.o
                0x000000000000aba0                part_get_info
 .text.part_get_info_by_name
                0x000000000000ac08        0x8 disk/built-in.o
                0x000000000000ac08                part_get_info_by_name
 .text.print_efiname
                0x000000000000ac10       0x54 disk/built-in.o
 .text.part_test_efi
                0x000000000000ac64       0x50 disk/built-in.o
 .text.validate_gpt_entries
                0x000000000000acb4       0xa8 disk/built-in.o
 .text.validate_gpt_header
                0x000000000000ad5c      0x290 disk/built-in.o
 .text.is_gpt_valid
                0x000000000000afec      0x264 disk/built-in.o
 .text.is_pte_valid
                0x000000000000b250       0x64 disk/built-in.o
 .text.part_get_info_efi
                0x000000000000b2b4      0x29c disk/built-in.o
                0x000000000000b2b4                part_get_info_efi
 .text.clk_request
                0x000000000000b550       0x2c drivers/built-in.o
                0x000000000000b550                clk_request
 .text.clk_get_by_indexed_prop
                0x000000000000b57c       0xb0 drivers/built-in.o
 .text.clk_get_by_index
                0x000000000000b62c       0x14 drivers/built-in.o
                0x000000000000b62c                clk_get_by_index
 .text.clk_get_by_name
                0x000000000000b640       0x50 drivers/built-in.o
                0x000000000000b640                clk_get_by_name
 .text.clk_get_rate
                0x000000000000b690       0x24 drivers/built-in.o
                0x000000000000b690                clk_get_rate
 .text.clk_set_rate
                0x000000000000b6b4       0x24 drivers/built-in.o
                0x000000000000b6b4                clk_set_rate
 .text.clk_set_phase
                0x000000000000b6d8       0x24 drivers/built-in.o
                0x000000000000b6d8                clk_set_phase
 .text.clk_set_parent
                0x000000000000b6fc       0x24 drivers/built-in.o
                0x000000000000b6fc                clk_set_parent
 .text.clk_set_defaults
                0x000000000000b720      0x158 drivers/built-in.o
                0x000000000000b720                clk_set_defaults
 .text.clk_enable
                0x000000000000b878       0x24 drivers/built-in.o
                0x000000000000b878                clk_enable
 .text.clk_disable
                0x000000000000b89c       0x24 drivers/built-in.o
                0x000000000000b89c                clk_disable
 .text.clk_fixed_rate_ofdata_to_platdata
                0x000000000000b8c0       0x40 drivers/built-in.o
 .text.clk_fixed_rate_get_rate
                0x000000000000b900       0x2c drivers/built-in.o
 .text.rk3036_pll_get_rate.constprop.0
                0x000000000000b92c       0xd4 drivers/built-in.o
 .text.gcd      0x000000000000ba00       0x30 drivers/built-in.o
                0x000000000000ba00                gcd
 .text.rockchip_get_pll_settings
                0x000000000000ba30      0x318 drivers/built-in.o
 .text.rk3036_pll_set_rate
                0x000000000000bd48      0x1d4 drivers/built-in.o
 .text.rockchip_pll_get_rate
                0x000000000000bf1c      0x118 drivers/built-in.o
                0x000000000000bf1c                rockchip_pll_get_rate
 .text.rockchip_pll_set_rate
                0x000000000000c034      0x2f8 drivers/built-in.o
                0x000000000000c034                rockchip_pll_set_rate
 .text.rockchip_get_cpu_settings
                0x000000000000c32c       0x24 drivers/built-in.o
                0x000000000000c32c                rockchip_get_cpu_settings
 .text.rk3568_cpll_div_get_rate
                0x000000000000c350       0xc0 drivers/built-in.o
 .text.rk3568_adc_get_clk
                0x000000000000c410       0x94 drivers/built-in.o
 .text.rk3568_pmuclk_probe
                0x000000000000c4a4       0x6c drivers/built-in.o
 .text.rk3568_pmuclk_ofdata_to_platdata
                0x000000000000c510       0x34 drivers/built-in.o
 .text.rk3568_clk_ofdata_to_platdata
                0x000000000000c544       0x34 drivers/built-in.o
 .text.rk3568_pmuclk_bind
                0x000000000000c578       0x50 drivers/built-in.o
 .text.rk3568_armclk_set_clk
                0x000000000000c5c8      0x178 drivers/built-in.o
 .text.rk3568_clk_bind
                0x000000000000c740       0x9c drivers/built-in.o
 .text.rk3568_pmu_pll_get_rate.constprop.0
                0x000000000000c7dc       0x78 drivers/built-in.o
 .text.rk3568_clk_set_parent
                0x000000000000c854      0x2f8 drivers/built-in.o
 .text.rk3568_sdmmc_get_clk.isra.0
                0x000000000000cb4c       0x68 drivers/built-in.o
 .text.rk3568_crypto_get_rate.isra.0
                0x000000000000cbb4       0xe4 drivers/built-in.o
 .text.rk3568_pwm_get_clk.isra.0
                0x000000000000cc98       0x68 drivers/built-in.o
 .text.rk3568_spi_get_clk.isra.0
                0x000000000000cd00       0x74 drivers/built-in.o
 .text.rk3568_i2c_get_clk.isra.0
                0x000000000000cd74       0x5c drivers/built-in.o
 .text.rk3568_top_get_clk.isra.0
                0x000000000000cdd0      0x118 drivers/built-in.o
 .text.rk3568_perimid_get_clk.isra.0
                0x000000000000cee8       0xa4 drivers/built-in.o
 .text.rk3568_bus_get_clk.isra.0
                0x000000000000cf8c       0xac drivers/built-in.o
 .text.rk3568_clk_get_rate
                0x000000000000d038      0x388 drivers/built-in.o
 .text.rk3568_pmuclk_set_parent
                0x000000000000d3c0       0x68 drivers/built-in.o
 .text.rk3568_clk_probe
                0x000000000000d428      0x160 drivers/built-in.o
 .text.rk3568_pmuclk_set_rate
                0x000000000000d588      0x2c4 drivers/built-in.o
 .text.rk3568_clk_set_rate
                0x000000000000d84c      0xe58 drivers/built-in.o
 .text.rk3568_pmuclk_get_rate
                0x000000000000e6a4      0x158 drivers/built-in.o
 .text.rk3568_mmc_get_phase
                0x000000000000e7fc       0xbc drivers/built-in.o
                0x000000000000e7fc                rk3568_mmc_get_phase
 .text.rk3568_clk_get_phase
                0x000000000000e8b8       0x28 drivers/built-in.o
 .text.rk3568_mmc_set_phase
                0x000000000000e8e0       0xe4 drivers/built-in.o
                0x000000000000e8e0                rk3568_mmc_set_phase
 .text.rk3568_clk_set_phase
                0x000000000000e9c4       0x28 drivers/built-in.o
 .text.alloc_priv
                0x000000000000e9ec       0x64 drivers/built-in.o
 .text.device_bind_common.constprop.0
                0x000000000000ea50      0x3b0 drivers/built-in.o
 .text.device_bind_with_driver_data
                0x000000000000ee00       0x14 drivers/built-in.o
                0x000000000000ee00                device_bind_with_driver_data
 .text.device_bind_by_name
                0x000000000000ee14       0x84 drivers/built-in.o
                0x000000000000ee14                device_bind_by_name
 .text.device_probe
                0x000000000000ee98      0x234 drivers/built-in.o
                0x000000000000ee98                device_probe
 .text.dev_get_platdata
                0x000000000000f0cc        0xc drivers/built-in.o
                0x000000000000f0cc                dev_get_platdata
 .text.dev_get_parent_platdata
                0x000000000000f0d8        0xc drivers/built-in.o
                0x000000000000f0d8                dev_get_parent_platdata
 .text.dev_get_uclass_platdata
                0x000000000000f0e4        0xc drivers/built-in.o
                0x000000000000f0e4                dev_get_uclass_platdata
 .text.dev_get_priv
                0x000000000000f0f0        0xc drivers/built-in.o
                0x000000000000f0f0                dev_get_priv
 .text.dev_get_uclass_priv
                0x000000000000f0fc        0xc drivers/built-in.o
                0x000000000000f0fc                dev_get_uclass_priv
 .text.dev_get_parent_priv
                0x000000000000f108        0xc drivers/built-in.o
                0x000000000000f108                dev_get_parent_priv
 .text.device_find_first_child
                0x000000000000f114       0x20 drivers/built-in.o
                0x000000000000f114                device_find_first_child
 .text.device_find_next_child
                0x000000000000f134       0x28 drivers/built-in.o
                0x000000000000f134                device_find_next_child
 .text.dev_get_parent
                0x000000000000f15c        0x8 drivers/built-in.o
                0x000000000000f15c                dev_get_parent
 .text.dev_get_driver_data
                0x000000000000f164        0x8 drivers/built-in.o
                0x000000000000f164                dev_get_driver_data
 .text.device_get_uclass_id
                0x000000000000f16c       0x10 drivers/built-in.o
                0x000000000000f16c                device_get_uclass_id
 .text.device_set_name_alloced
                0x000000000000f17c       0x10 drivers/built-in.o
                0x000000000000f17c                device_set_name_alloced
 .text.device_is_compatible
                0x000000000000f18c       0x64 drivers/built-in.o
                0x000000000000f18c                device_is_compatible
 .text.of_machine_is_compatible
                0x000000000000f1f0       0x28 drivers/built-in.o
                0x000000000000f1f0                of_machine_is_compatible
 .text.devfdt_get_addr_index
                0x000000000000f218       0x78 drivers/built-in.o
                0x000000000000f218                devfdt_get_addr_index
 .text.devfdt_get_addr_size_index
                0x000000000000f290       0x48 drivers/built-in.o
                0x000000000000f290                devfdt_get_addr_size_index
 .text.lists_driver_lookup_name
                0x000000000000f2d8       0x78 drivers/built-in.o
                0x000000000000f2d8                lists_driver_lookup_name
 .text.lists_uclass_lookup
                0x000000000000f350       0x44 drivers/built-in.o
                0x000000000000f350                lists_uclass_lookup
 .text.lists_bind_drivers
                0x000000000000f394       0x90 drivers/built-in.o
                0x000000000000f394                lists_bind_drivers
 .text.device_bind_driver_to_node
                0x000000000000f424       0x68 drivers/built-in.o
                0x000000000000f424                device_bind_driver_to_node
 .text.device_bind_driver
                0x000000000000f48c       0x14 drivers/built-in.o
                0x000000000000f48c                device_bind_driver
 .text.lists_bind_fdt
                0x000000000000f4a0      0x150 drivers/built-in.o
                0x000000000000f4a0                lists_bind_fdt
 .text.dm_scan_fdt_node
                0x000000000000f5f0       0xc0 drivers/built-in.o
 .text.dm_root  0x000000000000f6b0       0x10 drivers/built-in.o
                0x000000000000f6b0                dm_root
 .text.dm_get_translation_offset
                0x000000000000f6c0       0x1c drivers/built-in.o
                0x000000000000f6c0                dm_get_translation_offset
 .text.dm_init  0x000000000000f6dc       0x5c drivers/built-in.o
                0x000000000000f6dc                dm_init
 .text.dm_scan_platdata
                0x000000000000f738       0x28 drivers/built-in.o
                0x000000000000f738                dm_scan_platdata
 .text.dm_scan_fdt_dev
                0x000000000000f760       0x38 drivers/built-in.o
                0x000000000000f760                dm_scan_fdt_dev
 .text.dm_scan_fdt
                0x000000000000f798       0x14 drivers/built-in.o
                0x000000000000f798                dm_scan_fdt
 .text.dm_extended_scan_fdt
                0x000000000000f7ac       0x60 drivers/built-in.o
                0x000000000000f7ac                dm_extended_scan_fdt
 .text.dm_scan_other
                0x000000000000f80c        0x8 drivers/built-in.o
                0x000000000000f80c                dm_scan_other
 .text.dm_init_and_scan
                0x000000000000f814       0x54 drivers/built-in.o
                0x000000000000f814                dm_init_and_scan
 .text.uclass_find
                0x000000000000f868       0x4c drivers/built-in.o
                0x000000000000f868                uclass_find
 .text.uclass_get
                0x000000000000f8b4      0x104 drivers/built-in.o
                0x000000000000f8b4                uclass_get
 .text.uclass_find_device
                0x000000000000f9b8       0x78 drivers/built-in.o
                0x000000000000f9b8                uclass_find_device
 .text.uclass_find_first_device
                0x000000000000fa30       0x48 drivers/built-in.o
                0x000000000000fa30                uclass_find_first_device
 .text.uclass_find_next_device
                0x000000000000fa78       0x28 drivers/built-in.o
                0x000000000000fa78                uclass_find_next_device
 .text.uclass_find_device_by_seq
                0x000000000000faa0       0x90 drivers/built-in.o
                0x000000000000faa0                uclass_find_device_by_seq
 .text.uclass_find_device_by_of_offset
                0x000000000000fb30       0x78 drivers/built-in.o
                0x000000000000fb30                uclass_find_device_by_of_offset
 .text.uclass_find_device_by_ofnode
                0x000000000000fba8       0x80 drivers/built-in.o
                0x000000000000fba8                uclass_find_device_by_ofnode
 .text.uclass_get_device_by_driver
                0x000000000000fc28       0x7c drivers/built-in.o
                0x000000000000fc28                uclass_get_device_by_driver
 .text.uclass_get_device_tail
                0x000000000000fca4       0x40 drivers/built-in.o
                0x000000000000fca4                uclass_get_device_tail
 .text.uclass_get_device
                0x000000000000fce4       0x38 drivers/built-in.o
                0x000000000000fce4                uclass_get_device
 .text.uclass_get_device_by_seq
                0x000000000000fd1c       0x68 drivers/built-in.o
                0x000000000000fd1c                uclass_get_device_by_seq
 .text.uclass_get_device_by_of_offset
                0x000000000000fd84       0x38 drivers/built-in.o
                0x000000000000fd84                uclass_get_device_by_of_offset
 .text.uclass_get_device_by_ofnode
                0x000000000000fdbc       0x38 drivers/built-in.o
                0x000000000000fdbc                uclass_get_device_by_ofnode
 .text.uclass_get_device_by_phandle_id
                0x000000000000fdf4       0xa0 drivers/built-in.o
                0x000000000000fdf4                uclass_get_device_by_phandle_id
 .text.uclass_get_device_by_phandle
                0x000000000000fe94       0xbc drivers/built-in.o
                0x000000000000fe94                uclass_get_device_by_phandle
 .text.uclass_first_device
                0x000000000000ff50       0x44 drivers/built-in.o
                0x000000000000ff50                uclass_first_device
 .text.uclass_next_device
                0x000000000000ff94       0x44 drivers/built-in.o
                0x000000000000ff94                uclass_next_device
 .text.uclass_bind_device
                0x000000000000ffd8       0x70 drivers/built-in.o
                0x000000000000ffd8                uclass_bind_device
 .text.uclass_resolve_seq
                0x0000000000010048       0x98 drivers/built-in.o
                0x0000000000010048                uclass_resolve_seq
 .text.uclass_pre_probe_device
                0x00000000000100e0       0x68 drivers/built-in.o
                0x00000000000100e0                uclass_pre_probe_device
 .text.uclass_post_probe_device
                0x0000000000010148       0x20 drivers/built-in.o
                0x0000000000010148                uclass_post_probe_device
 .text.dm_fdt_pre_reloc
                0x0000000000010168       0x5c drivers/built-in.o
                0x0000000000010168                dm_fdt_pre_reloc
 .text.simple_bus_post_bind
                0x00000000000101c4       0x5c drivers/built-in.o
 .text.simple_bus_translate
                0x0000000000010220       0x50 drivers/built-in.o
                0x0000000000010220                simple_bus_translate
 .text.regmap_init_mem
                0x0000000000010270      0x134 drivers/built-in.o
                0x0000000000010270                regmap_init_mem
 .text.regmap_get_range
                0x00000000000103a4       0x24 drivers/built-in.o
                0x00000000000103a4                regmap_get_range
 .text.regmap_read
                0x00000000000103c8       0x1c drivers/built-in.o
                0x00000000000103c8                regmap_read
 .text.regmap_write
                0x00000000000103e4       0x18 drivers/built-in.o
                0x00000000000103e4                regmap_write
 .text.syscon_pre_probe
                0x00000000000103fc       0x28 drivers/built-in.o
 .text.syscon_get_regmap
                0x0000000000010424       0x3c drivers/built-in.o
                0x0000000000010424                syscon_get_regmap
 .text.syscon_get_by_driver_data
                0x0000000000010460       0x74 drivers/built-in.o
                0x0000000000010460                syscon_get_by_driver_data
 .text.syscon_get_regmap_by_driver_data
                0x00000000000104d4       0x30 drivers/built-in.o
                0x00000000000104d4                syscon_get_regmap_by_driver_data
 .text.syscon_get_first_range
                0x0000000000010504       0x28 drivers/built-in.o
                0x0000000000010504                syscon_get_first_range
 .text.of_find_property
                0x000000000001052c       0x74 drivers/built-in.o
                0x000000000001052c                of_find_property
 .text.of_find_property_value_of_size
                0x00000000000105a0       0x54 drivers/built-in.o
 .text.of_find_all_nodes
                0x00000000000105f4       0x28 drivers/built-in.o
                0x00000000000105f4                of_find_all_nodes
 .text.of_get_property
                0x000000000001061c       0x1c drivers/built-in.o
                0x000000000001061c                of_get_property
 .text.of_n_addr_cells
                0x0000000000010638       0x5c drivers/built-in.o
                0x0000000000010638                of_n_addr_cells
 .text.of_n_size_cells
                0x0000000000010694       0x5c drivers/built-in.o
                0x0000000000010694                of_n_size_cells
 .text.of_simple_addr_cells
                0x00000000000106f0       0x34 drivers/built-in.o
                0x00000000000106f0                of_simple_addr_cells
 .text.of_simple_size_cells
                0x0000000000010724       0x34 drivers/built-in.o
                0x0000000000010724                of_simple_size_cells
 .text.of_device_is_compatible
                0x0000000000010758      0x110 drivers/built-in.o
                0x0000000000010758                of_device_is_compatible
 .text.of_get_parent
                0x0000000000010868        0xc drivers/built-in.o
                0x0000000000010868                of_get_parent
 .text.of_find_node_opts_by_path
                0x0000000000010874      0x1a0 drivers/built-in.o
                0x0000000000010874                of_find_node_opts_by_path
 .text.of_find_node_by_phandle
                0x0000000000010a14       0x54 drivers/built-in.o
                0x0000000000010a14                of_find_node_by_phandle
 .text.of_read_u32
                0x0000000000010a68       0x48 drivers/built-in.o
                0x0000000000010a68                of_read_u32
 .text.__of_parse_phandle_with_args.constprop.0
                0x0000000000010ab0      0x168 drivers/built-in.o
 .text.of_read_u32_array
                0x0000000000010c18       0x58 drivers/built-in.o
                0x0000000000010c18                of_read_u32_array
 .text.of_property_match_string
                0x0000000000010c70       0xa4 drivers/built-in.o
                0x0000000000010c70                of_property_match_string
 .text.of_property_read_string_helper
                0x0000000000010d14       0xcc drivers/built-in.o
                0x0000000000010d14                of_property_read_string_helper
 .text.of_parse_phandle_with_args
                0x0000000000010de0       0x10 drivers/built-in.o
                0x0000000000010de0                of_parse_phandle_with_args
 .text.of_count_phandle_with_args
                0x0000000000010df0        0xc drivers/built-in.o
                0x0000000000010df0                of_count_phandle_with_args
 .text.of_alias_get_id
                0x0000000000010dfc       0x6c drivers/built-in.o
                0x0000000000010dfc                of_alias_get_id
 .text.of_bus_default_map
                0x0000000000010e68       0xa4 drivers/built-in.o
 .text.of_bus_default_get_flags
                0x0000000000010f0c        0x8 drivers/built-in.o
 .text.of_bus_default_count_cells
                0x0000000000010f14       0x48 drivers/built-in.o
 .text.of_bus_default_translate
                0x0000000000010f5c       0xb8 drivers/built-in.o
 .text.of_match_bus
                0x0000000000011014       0x60 drivers/built-in.o
 .text.of_get_address
                0x0000000000011074      0x148 drivers/built-in.o
                0x0000000000011074                of_get_address
 .text.of_translate_address
                0x00000000000111bc      0x220 drivers/built-in.o
                0x00000000000111bc                of_translate_address
 .text.of_address_to_resource
                0x00000000000113dc       0xcc drivers/built-in.o
                0x00000000000113dc                of_address_to_resource
 .text.dev_read_u32_default
                0x00000000000114a8        0x8 drivers/built-in.o
                0x00000000000114a8                dev_read_u32_default
 .text.dev_read_bool
                0x00000000000114b0        0x8 drivers/built-in.o
                0x00000000000114b0                dev_read_bool
 .text.dev_read_first_subnode
                0x00000000000114b8        0x8 drivers/built-in.o
                0x00000000000114b8                dev_read_first_subnode
 .text.dev_read_size
                0x00000000000114c0        0x8 drivers/built-in.o
                0x00000000000114c0                dev_read_size
 .text.dev_read_addr_index
                0x00000000000114c8       0x2c drivers/built-in.o
                0x00000000000114c8                dev_read_addr_index
 .text.dev_read_addr
                0x00000000000114f4        0x8 drivers/built-in.o
                0x00000000000114f4                dev_read_addr
 .text.dev_read_addr_ptr
                0x00000000000114fc       0x20 drivers/built-in.o
                0x00000000000114fc                dev_read_addr_ptr
 .text.dev_read_addr_size
                0x000000000001151c        0x8 drivers/built-in.o
                0x000000000001151c                dev_read_addr_size
 .text.dev_read_stringlist_search
                0x0000000000011524        0x8 drivers/built-in.o
                0x0000000000011524                dev_read_stringlist_search
 .text.dev_read_phandle_with_args
                0x000000000001152c        0x8 drivers/built-in.o
                0x000000000001152c                dev_read_phandle_with_args
 .text.dev_count_phandle_with_args
                0x0000000000011534        0x8 drivers/built-in.o
                0x0000000000011534                dev_count_phandle_with_args
 .text.dev_read_simple_addr_cells
                0x000000000001153c        0x8 drivers/built-in.o
                0x000000000001153c                dev_read_simple_addr_cells
 .text.dev_read_simple_size_cells
                0x0000000000011544        0x8 drivers/built-in.o
                0x0000000000011544                dev_read_simple_size_cells
 .text.dev_read_phandle
                0x000000000001154c       0x34 drivers/built-in.o
                0x000000000001154c                dev_read_phandle
 .text.dev_read_prop
                0x0000000000011580        0x8 drivers/built-in.o
                0x0000000000011580                dev_read_prop
 .text.dev_read_alias_seq
                0x0000000000011588       0x70 drivers/built-in.o
                0x0000000000011588                dev_read_alias_seq
 .text.dev_read_u32_array
                0x00000000000115f8       0x28 drivers/built-in.o
                0x00000000000115f8                dev_read_u32_array
 .text.ofnode_read_u32
                0x0000000000011620       0x90 drivers/built-in.o
                0x0000000000011620                ofnode_read_u32
 .text.ofnode_read_u32_default
                0x00000000000116b0       0x28 drivers/built-in.o
                0x00000000000116b0                ofnode_read_u32_default
 .text.ofnode_read_string
                0x00000000000116d8       0xa0 drivers/built-in.o
                0x00000000000116d8                ofnode_read_string
 .text.ofnode_read_u32_array
                0x0000000000011778       0x44 drivers/built-in.o
                0x0000000000011778                ofnode_read_u32_array
 .text.ofnode_first_subnode
                0x00000000000117bc       0x58 drivers/built-in.o
                0x00000000000117bc                ofnode_first_subnode
 .text.ofnode_next_subnode
                0x0000000000011814       0x58 drivers/built-in.o
                0x0000000000011814                ofnode_next_subnode
 .text.ofnode_get_name
                0x000000000001186c       0x74 drivers/built-in.o
                0x000000000001186c                ofnode_get_name
 .text.ofnode_get_by_phandle
                0x00000000000118e0       0x30 drivers/built-in.o
                0x00000000000118e0                ofnode_get_by_phandle
 .text.ofnode_read_size
                0x0000000000011910       0x6c drivers/built-in.o
                0x0000000000011910                ofnode_read_size
 .text.ofnode_get_addr_index
                0x000000000001197c       0xa0 drivers/built-in.o
                0x000000000001197c                ofnode_get_addr_index
 .text.ofnode_stringlist_search
                0x0000000000011a1c       0x68 drivers/built-in.o
                0x0000000000011a1c                ofnode_stringlist_search
 .text.ofnode_parse_phandle_with_args
                0x0000000000011a84       0xd0 drivers/built-in.o
                0x0000000000011a84                ofnode_parse_phandle_with_args
 .text.ofnode_count_phandle_with_args
                0x0000000000011b54       0x48 drivers/built-in.o
                0x0000000000011b54                ofnode_count_phandle_with_args
 .text.ofnode_path
                0x0000000000011b9c       0x40 drivers/built-in.o
                0x0000000000011b9c                ofnode_path
 .text.ofnode_get_property
                0x0000000000011bdc       0x3c drivers/built-in.o
                0x0000000000011bdc                ofnode_get_property
 .text.ofnode_read_bool
                0x0000000000011c18       0x28 drivers/built-in.o
                0x0000000000011c18                ofnode_read_bool
 .text.ofnode_get_addr_size
                0x0000000000011c40       0xec drivers/built-in.o
                0x0000000000011c40                ofnode_get_addr_size
 .text.ofnode_read_simple_addr_cells
                0x0000000000011d2c       0x34 drivers/built-in.o
                0x0000000000011d2c                ofnode_read_simple_addr_cells
 .text.ofnode_read_simple_size_cells
                0x0000000000011d60       0x34 drivers/built-in.o
                0x0000000000011d60                ofnode_read_simple_size_cells
 .text.ofnode_pre_reloc
                0x0000000000011d94       0x48 drivers/built-in.o
                0x0000000000011d94                ofnode_pre_reloc
 .text.crypto_algo_nbits
                0x0000000000011ddc      0x104 drivers/built-in.o
                0x0000000000011ddc                crypto_algo_nbits
 .text.crypto_get_device
                0x0000000000011ee0       0x78 drivers/built-in.o
                0x0000000000011ee0                crypto_get_device
 .text.crypto_sha_init
                0x0000000000011f58       0x38 drivers/built-in.o
                0x0000000000011f58                crypto_sha_init
 .text.crypto_sha_update
                0x0000000000011f90       0x30 drivers/built-in.o
                0x0000000000011f90                crypto_sha_update
 .text.crypto_sha_final
                0x0000000000011fc0       0xe8 drivers/built-in.o
                0x0000000000011fc0                crypto_sha_final
 .text.crypto_sha_csum
                0x00000000000120a8       0x78 drivers/built-in.o
                0x00000000000120a8                crypto_sha_csum
 .text.mod_exp_sw
                0x0000000000012120       0x14 drivers/built-in.o
                0x0000000000012120                mod_exp_sw
 .text.crypto_v3_dynamic_cap
                0x0000000000012134       0x64 drivers/built-in.o
 .text.hw_hash_clean_ctx
                0x0000000000012198       0x44 drivers/built-in.o
 .text.rockchip_crypto_capability
                0x00000000000121dc       0x24 drivers/built-in.o
 .text.rk_hash_direct_calc
                0x0000000000012200      0x168 drivers/built-in.o
 .text.rockchip_crypto_ofdata_to_platdata
                0x0000000000012368      0x144 drivers/built-in.o
 .text.rk_crypto_do_enable_clk.isra.0
                0x00000000000124ac       0xb8 drivers/built-in.o
 .text.rk_crypto_disable_clk.isra.0
                0x0000000000012564        0x8 drivers/built-in.o
 .text.rockchip_crypto_probe
                0x000000000001256c      0x184 drivers/built-in.o
 .text.rockchip_crypto_rsa_verify
                0x00000000000126f0      0x174 drivers/built-in.o
 .text.rockchip_crypto_sha_init
                0x0000000000012864      0x20c drivers/built-in.o
 .text.rk_hash_update
                0x0000000000012a70       0x68 drivers/built-in.o
                0x0000000000012a70                rk_hash_update
 .text.rockchip_crypto_sha_update
                0x0000000000012ad8       0xb4 drivers/built-in.o
 .text.rk_hash_final
                0x0000000000012b8c      0x14c drivers/built-in.o
                0x0000000000012b8c                rk_hash_final
 .text.rockchip_crypto_sha_final
                0x0000000000012cd8       0x88 drivers/built-in.o
 .text.crypto_flush_cacheline
                0x0000000000012d60       0x2c drivers/built-in.o
                0x0000000000012d60                crypto_flush_cacheline
 .text.crypto_hash_cache_alloc
                0x0000000000012d8c       0x74 drivers/built-in.o
                0x0000000000012d8c                crypto_hash_cache_alloc
 .text.crypto_hash_cache_free
                0x0000000000012e00        0x4 drivers/built-in.o
                0x0000000000012e00                crypto_hash_cache_free
 .text.crypto_hash_update_with_cache
                0x0000000000012e04      0x1dc drivers/built-in.o
                0x0000000000012e04                crypto_hash_update_with_cache
 .text.mpa_highest_bit_index
                0x0000000000012fe0       0x5c drivers/built-in.o
 .text.rk_check_size
                0x000000000001303c       0x34 drivers/built-in.o
 .text.rk_pka_ram_ctrl_enable
                0x0000000000013070       0x18 drivers/built-in.o
                0x0000000000013070                rk_pka_ram_ctrl_enable
 .text.rk_pka_ram_ctrl_disable
                0x0000000000013088       0x18 drivers/built-in.o
                0x0000000000013088                rk_pka_ram_ctrl_disable
 .text.rk_pka_wait_on_ram_ready
                0x00000000000130a0       0x18 drivers/built-in.o
                0x00000000000130a0                rk_pka_wait_on_ram_ready
 .text.rk_pka_wait_on_pipe_ready
                0x00000000000130b8       0x18 drivers/built-in.o
                0x00000000000130b8                rk_pka_wait_on_pipe_ready
 .text.rk_pka_wait_on_done
                0x00000000000130d0       0x18 drivers/built-in.o
                0x00000000000130d0                rk_pka_wait_on_done
 .text.rk_pka_get_status_div_byzero
                0x00000000000130e8       0x30 drivers/built-in.o
                0x00000000000130e8                rk_pka_get_status_div_byzero
 .text.rk_pka_read_regsize
                0x0000000000013118       0x38 drivers/built-in.o
                0x0000000000013118                rk_pka_read_regsize
 .text.rk_pka_get_regaddr
                0x0000000000013150       0x20 drivers/built-in.o
                0x0000000000013150                rk_pka_get_regaddr
 .text.rk_pka_read_regaddr
                0x0000000000013170       0x38 drivers/built-in.o
                0x0000000000013170                rk_pka_read_regaddr
 .text.rk_pka_make_full_opcode
                0x00000000000131a8       0x48 drivers/built-in.o
                0x00000000000131a8                rk_pka_make_full_opcode
 .text.rk_pka_hw_load_block2pka_mem
                0x00000000000131f0       0x38 drivers/built-in.o
                0x00000000000131f0                rk_pka_hw_load_block2pka_mem
 .text.rk_pka_hw_clear_pka_mem
                0x0000000000013228       0x38 drivers/built-in.o
                0x0000000000013228                rk_pka_hw_clear_pka_mem
 .text.rk_pka_hw_read_block_from_pka_mem
                0x0000000000013260       0x38 drivers/built-in.o
                0x0000000000013260                rk_pka_hw_read_block_from_pka_mem
 .text.rk_pka_exec_operation
                0x0000000000013298       0xac drivers/built-in.o
                0x0000000000013298                rk_pka_exec_operation
 .text.rk_pka_set_sizes_tab
                0x0000000000013344       0xb0 drivers/built-in.o
                0x0000000000013344                rk_pka_set_sizes_tab
 .text.rk_pka_set_map_tab
                0x00000000000133f4      0x104 drivers/built-in.o
                0x00000000000133f4                rk_pka_set_map_tab
 .text.rk_pka_clear_block_of_regs
                0x00000000000134f8       0xf0 drivers/built-in.o
                0x00000000000134f8                rk_pka_clear_block_of_regs
 .text.rk_pka_init
                0x00000000000135e8       0xd0 drivers/built-in.o
                0x00000000000135e8                rk_pka_init
 .text.rk_pka_finish
                0x00000000000136b8       0x40 drivers/built-in.o
                0x00000000000136b8                rk_pka_finish
 .text.rk_pka_copy_data_into_reg
                0x00000000000136f8       0x9c drivers/built-in.o
                0x00000000000136f8                rk_pka_copy_data_into_reg
 .text.rk_pka_copy_data_from_reg
                0x0000000000013794       0x48 drivers/built-in.o
                0x0000000000013794                rk_pka_copy_data_from_reg
 .text.rk_pka_div_long_num
                0x00000000000137dc      0x180 drivers/built-in.o
                0x00000000000137dc                rk_pka_div_long_num
 .text.rk_pka_calcNp_and_initmodop
                0x000000000001395c      0x118 drivers/built-in.o
                0x000000000001395c                rk_pka_calcNp_and_initmodop
 .text.rk_calcNp_and_initmodop
                0x0000000000013a74       0xa0 drivers/built-in.o
                0x0000000000013a74                rk_calcNp_and_initmodop
 .text.rk_mpa_alloc
                0x0000000000013b14       0xcc drivers/built-in.o
                0x0000000000013b14                rk_mpa_alloc
 .text.rk_mpa_free
                0x0000000000013be0        0x4 drivers/built-in.o
                0x0000000000013be0                rk_mpa_free
 .text.rk_mod   0x0000000000013be4      0x14c drivers/built-in.o
                0x0000000000013be4                rk_mod
 .text.rk_exptmod_np
                0x0000000000013d30      0x248 drivers/built-in.o
                0x0000000000013d30                rk_exptmod_np
 .text.util_word_memcpy
                0x0000000000013f78       0x20 drivers/built-in.o
                0x0000000000013f78                util_word_memcpy
 .text.util_word_memset
                0x0000000000013f98       0x1c drivers/built-in.o
                0x0000000000013f98                util_word_memset
 .text.rockchip_otp_probe
                0x0000000000013fb4       0x4c drivers/built-in.o
 .text.rockchip_otp_read
                0x0000000000014000       0x8c drivers/built-in.o
 .text.rockchip_otp_ofdata_to_platdata
                0x000000000001408c       0x34 drivers/built-in.o
 .text.rockchip_rv1126_otp_read
                0x00000000000140c0       0xe4 drivers/built-in.o
 .text.rockchip_rv1126_otp_init
                0x00000000000141a4       0xe0 drivers/built-in.o
 .text.rockchip_rk3588_otp_read
                0x0000000000014284      0x190 drivers/built-in.o
 .text.rk3308bs_otp_wait_status
                0x0000000000014414       0x7c drivers/built-in.o
 .text.rockchip_otp_wait_status
                0x0000000000014490       0x7c drivers/built-in.o
 .text.rockchip_otp_ecc_enable
                0x000000000001450c       0xac drivers/built-in.o
 .text.rockchip_rk3568_otp_read
                0x00000000000145b8      0x180 drivers/built-in.o
 .text.rockchip_px30_otp_read
                0x0000000000014738       0xfc drivers/built-in.o
 .text.rockchip_rk3308bs_otp_read
                0x0000000000014834      0x250 drivers/built-in.o
 .text.sysreset_request
                0x0000000000014a84       0x20 drivers/built-in.o
                0x0000000000014a84                sysreset_request
 .text.sysreset_walk
                0x0000000000014aa4       0x6c drivers/built-in.o
                0x0000000000014aa4                sysreset_walk
 .text.sysreset_walk_halt
                0x0000000000014b10       0x38 drivers/built-in.o
                0x0000000000014b10                sysreset_walk_halt
 .text.reboot   0x0000000000014b48       0x60 drivers/built-in.o
                0x0000000000014b48                reboot
 .text.do_reset
                0x0000000000014ba8       0x20 drivers/built-in.o
                0x0000000000014ba8                do_reset
 .text.rockchip_sysreset_request
                0x0000000000014bc8       0x68 drivers/built-in.o
                0x0000000000014bc8                rockchip_sysreset_request
 .text.psci_probe
                0x0000000000014c30       0xa4 drivers/built-in.o
 .text.__invoke_psci_fn_smc
                0x0000000000014cd4       0x38 drivers/built-in.o
 .text.__invoke_psci_fn_hvc
                0x0000000000014d0c       0x38 drivers/built-in.o
 .text.psci_bind
                0x0000000000014d44       0x68 drivers/built-in.o
 .text.mmc_send_op_cond_iter
                0x0000000000014dac       0x74 drivers/built-in.o
 .text.mmc_read_blocks
                0x0000000000014e20       0xc4 drivers/built-in.o
 .text.mmc_go_idle
                0x0000000000014ee4       0x50 drivers/built-in.o
 .text.mmc_set_capacity
                0x0000000000014f34       0x80 drivers/built-in.o
 .text.mmc_send_ext_csd
                0x0000000000014fb4       0x68 drivers/built-in.o
 .text.__mmc_switch.constprop.0
                0x000000000001501c      0x130 drivers/built-in.o
 .text.mmc_switch_to_hs400
                0x000000000001514c       0x30 drivers/built-in.o
 .text.mmc_send_status
                0x000000000001517c       0xe0 drivers/built-in.o
                0x000000000001517c                mmc_send_status
 .text.mmc_set_blocklen
                0x000000000001525c       0x4c drivers/built-in.o
                0x000000000001525c                mmc_set_blocklen
 .text.mmc_set_clock
                0x00000000000152a8       0x24 drivers/built-in.o
                0x00000000000152a8                mmc_set_clock
 .text.mmc_set_bus_speed
                0x00000000000152cc       0x48 drivers/built-in.o
 .text.mmc_switch
                0x0000000000015314       0x10 drivers/built-in.o
                0x0000000000015314                mmc_switch
 .text.mmc_select_hs
                0x0000000000015324       0x48 drivers/built-in.o
 .text.mmc_select_bus_width
                0x000000000001536c      0x158 drivers/built-in.o
 .text.mmc_startup
                0x00000000000154c4      0xc8c drivers/built-in.o
 .text.mmc_send_tuning
                0x0000000000016150       0xd4 drivers/built-in.o
                0x0000000000016150                mmc_send_tuning
 .text.mmc_switch_part
                0x0000000000016224       0x74 drivers/built-in.o
                0x0000000000016224                mmc_switch_part
 .text.mmc_start_init
                0x0000000000016298      0x218 drivers/built-in.o
                0x0000000000016298                mmc_start_init
 .text.mmc_init
                0x00000000000164b0      0x13c drivers/built-in.o
                0x00000000000164b0                mmc_init
 .text.mmc_bread
                0x00000000000165ec      0x154 drivers/built-in.o
                0x00000000000165ec                mmc_bread
 .text.mmc_initialize
                0x0000000000016740       0x34 drivers/built-in.o
                0x0000000000016740                mmc_initialize
 .text.mmc_blk_probe
                0x0000000000016774       0x1c drivers/built-in.o
 .text.mmc_card_busy
                0x0000000000016790       0x24 drivers/built-in.o
                0x0000000000016790                mmc_card_busy
 .text.mmc_can_card_busy
                0x00000000000167b4       0x1c drivers/built-in.o
                0x00000000000167b4                mmc_can_card_busy
 .text.dm_mmc_set_ios
                0x00000000000167d0       0x20 drivers/built-in.o
                0x00000000000167d0                dm_mmc_set_ios
 .text.mmc_set_ios
                0x00000000000167f0        0x8 drivers/built-in.o
                0x00000000000167f0                mmc_set_ios
 .text.dm_mmc_get_cd
                0x00000000000167f8       0x20 drivers/built-in.o
                0x00000000000167f8                dm_mmc_get_cd
 .text.mmc_getcd
                0x0000000000016818        0x8 drivers/built-in.o
                0x0000000000016818                mmc_getcd
 .text.mmc_set_enhanced_strobe
                0x0000000000016820       0x24 drivers/built-in.o
                0x0000000000016820                mmc_set_enhanced_strobe
 .text.mmc_get_mmc_dev
                0x0000000000016844       0x28 drivers/built-in.o
                0x0000000000016844                mmc_get_mmc_dev
 .text.dm_mmc_send_cmd
                0x000000000001686c       0xec drivers/built-in.o
                0x000000000001686c                dm_mmc_send_cmd
 .text.mmc_send_cmd
                0x0000000000016958        0x8 drivers/built-in.o
                0x0000000000016958                mmc_send_cmd
 .text.mmc_select_hwpart
                0x0000000000016960       0x78 drivers/built-in.o
 .text.find_mmc_device
                0x00000000000169d8       0x54 drivers/built-in.o
                0x00000000000169d8                find_mmc_device
 .text.mmc_get_blk_desc
                0x0000000000016a2c       0x28 drivers/built-in.o
                0x0000000000016a2c                mmc_get_blk_desc
 .text.mmc_do_preinit
                0x0000000000016a54       0x68 drivers/built-in.o
                0x0000000000016a54                mmc_do_preinit
 .text.mmc_bind
                0x0000000000016abc       0xb8 drivers/built-in.o
                0x0000000000016abc                mmc_bind
 .text.mmc_erase_t
                0x0000000000016b74       0xf8 drivers/built-in.o
 .text.mmc_write_blocks
                0x0000000000016c6c      0x138 drivers/built-in.o
 .text.mmc_berase
                0x0000000000016da4      0x164 drivers/built-in.o
                0x0000000000016da4                mmc_berase
 .text.mmc_bwrite
                0x0000000000016f08       0xe0 drivers/built-in.o
                0x0000000000016f08                mmc_bwrite
 .text.dwmci_wait_reset
                0x0000000000016fe8       0x3c drivers/built-in.o
 .text.dwmci_get_cd
                0x0000000000017024        0x8 drivers/built-in.o
 .text.dwmci_execute_tuning
                0x000000000001702c       0x44 drivers/built-in.o
 .text.dwmci_card_busy
                0x0000000000017070       0x28 drivers/built-in.o
 .text.dwmci_send_cmd
                0x0000000000017098      0x690 drivers/built-in.o
 .text.dwmci_setup_bus.part.0.isra.0
                0x0000000000017728       0xfc drivers/built-in.o
 .text.dwmci_set_ios
                0x0000000000017824       0xa8 drivers/built-in.o
 .text.dwmci_probe
                0x00000000000178cc      0x170 drivers/built-in.o
                0x00000000000178cc                dwmci_probe
 .text.dwmci_setup_cfg
                0x0000000000017a3c       0x98 drivers/built-in.o
                0x0000000000017a3c                dwmci_setup_cfg
 .text.dwmci_bind
                0x0000000000017ad4        0x4 drivers/built-in.o
                0x0000000000017ad4                dwmci_bind
 .text.rockchip_dwmmc_ofdata_to_platdata
                0x0000000000017ad8      0x100 drivers/built-in.o
 .text.rockchip_dwmmc_get_mmc_clk
                0x0000000000017bd8       0x58 drivers/built-in.o
 .text.rockchip_dwmmc_execute_tuning
                0x0000000000017c30      0x104 drivers/built-in.o
 .text.rockchip_dwmmc_bind
                0x0000000000017d34       0x2c drivers/built-in.o
 .text.mmc_gpio_init_direct
                0x0000000000017d60        0x4 drivers/built-in.o
                0x0000000000017d60                mmc_gpio_init_direct
 .text.rockchip_dwmmc_probe
                0x0000000000017d64      0x128 drivers/built-in.o
 .text.sdhci_set_enhanced_strobe
                0x0000000000017e8c       0x38 drivers/built-in.o
 .text.sdhci_card_busy
                0x0000000000017ec4       0x2c drivers/built-in.o
 .text.sdhci_reset
                0x0000000000017ef0       0x88 drivers/built-in.o
 .text.sdhci_send_command
                0x0000000000017f78      0x5ac drivers/built-in.o
 .text.sdhci_execute_tuning
                0x0000000000018524      0x114 drivers/built-in.o
 .text.sdhci_enable_clk
                0x0000000000018638       0x88 drivers/built-in.o
                0x0000000000018638                sdhci_enable_clk
 .text.sdhci_set_clock
                0x00000000000186c0      0x150 drivers/built-in.o
                0x00000000000186c0                sdhci_set_clock
 .text.sdhci_set_ios
                0x0000000000018810      0x1c4 drivers/built-in.o
 .text.sdhci_probe
                0x00000000000189d4      0x1a0 drivers/built-in.o
                0x00000000000189d4                sdhci_probe
 .text.sdhci_setup_cfg
                0x0000000000018b74      0x180 drivers/built-in.o
                0x0000000000018b74                sdhci_setup_cfg
 .text.sdhci_bind
                0x0000000000018cf4        0x4 drivers/built-in.o
                0x0000000000018cf4                sdhci_bind
 .text.dwcmshc_emmc_get_phy
                0x0000000000018cf8        0x8 drivers/built-in.o
 .text.rockchip_sdhci_of_to_plat
                0x0000000000018d00       0x3c drivers/built-in.o
 .text.rockchip_sdhci_set_enhanced_strobe
                0x0000000000018d3c       0x44 drivers/built-in.o
 .text.rockchip_sdhci_set_clock
                0x0000000000018d80       0x4c drivers/built-in.o
 .text.rockchip_sdhci_set_ios_post
                0x0000000000018dcc       0x44 drivers/built-in.o
 .text.rockchip_sdhci_probe
                0x0000000000018e10      0x22c drivers/built-in.o
 .text.rockchip_sdhci_bind
                0x000000000001903c       0x2c drivers/built-in.o
 .text.dwcmshc_sdhci_set_enhanced_strobe
                0x0000000000019068       0x4c drivers/built-in.o
 .text.rk3399_emmc_get_phy
                0x00000000000190b4       0xac drivers/built-in.o
 .text.dwcmshc_sdhci_set_ios_post
                0x0000000000019160       0x58 drivers/built-in.o
 .text.rockchip_emmc_set_clock
                0x00000000000191b8      0x154 drivers/built-in.o
 .text.dwcmshc_sdhci_emmc_set_clock
                0x000000000001930c      0x240 drivers/built-in.o
 .text.rk3399_sdhci_emmc_set_clock
                0x000000000001954c      0x198 drivers/built-in.o
 .text.rockchip_nand_wait_dev_ready
                0x00000000000196e4       0x3c drivers/built-in.o
 .text.rockchip_nandc_bind
                0x0000000000019720       0x58 drivers/built-in.o
 .text.rockchip_nandc_probe
                0x0000000000019778      0x41c drivers/built-in.o
 .text.nandc_read_page
                0x0000000000019b94      0x1d8 drivers/built-in.o
 .text.spl_nand_read_page
                0x0000000000019d6c      0x108 drivers/built-in.o
 .text.spl_nand_block_isbad
                0x0000000000019e74      0x130 drivers/built-in.o
 .text.nand_spl_load_image
                0x0000000000019fa4        0x8 drivers/built-in.o
                0x0000000000019fa4                nand_spl_load_image
 .text.nand_init
                0x0000000000019fac        0x4 drivers/built-in.o
                0x0000000000019fac                nand_init
 .text.nand_deselect
                0x0000000000019fb0        0x4 drivers/built-in.o
                0x0000000000019fb0                nand_deselect
 .text.pinconfig_post_bind
                0x0000000000019fb4       0xe4 drivers/built-in.o
 .text.pinctrl_post_bind
                0x000000000001a098       0x28 drivers/built-in.o
 .text.pinctrl_select_state
                0x000000000001a0c0      0x174 drivers/built-in.o
                0x000000000001a0c0                pinctrl_select_state
 .text.rockchip_get_recalced_mux
                0x000000000001a234       0xd8 drivers/built-in.o
                0x000000000001a2a0                rockchip_get_recalced_mux
 .text.px30_calc_pull_reg_and_bit
                0x000000000001a30c       0x54 drivers/built-in.o
 .text.px30_calc_drv_reg_and_bit
                0x000000000001a360       0x54 drivers/built-in.o
 .text.px30_calc_schmitt_reg_and_bit
                0x000000000001a3b4       0x4c drivers/built-in.o
 .text.rv1108_calc_pull_reg_and_bit
                0x000000000001a400       0x54 drivers/built-in.o
 .text.rv1108_calc_drv_reg_and_bit
                0x000000000001a454       0x54 drivers/built-in.o
 .text.rv1108_calc_schmitt_reg_and_bit
                0x000000000001a4a8       0x4c drivers/built-in.o
 .text.rv1126_calc_pull_reg_and_bit
                0x000000000001a4f4       0x90 drivers/built-in.o
 .text.rv1126_calc_drv_reg_and_bit
                0x000000000001a584       0x8c drivers/built-in.o
 .text.rv1126_calc_schmitt_reg_and_bit
                0x000000000001a610       0x94 drivers/built-in.o
 .text.rk1808_calc_pull_reg_and_bit
                0x000000000001a6a4       0x60 drivers/built-in.o
 .text.rk1808_calc_drv_reg_and_bit
                0x000000000001a704       0x50 drivers/built-in.o
 .text.rk1808_calc_schmitt_reg_and_bit
                0x000000000001a754       0x54 drivers/built-in.o
 .text.rk2928_calc_pull_reg_and_bit
                0x000000000001a7a8       0x40 drivers/built-in.o
 .text.rk3128_calc_pull_reg_and_bit
                0x000000000001a7e8        0x4 drivers/built-in.o
 .text.rk3188_calc_pull_reg_and_bit
                0x000000000001a7ec       0x68 drivers/built-in.o
 .text.rk3288_calc_pull_reg_and_bit
                0x000000000001a854       0x54 drivers/built-in.o
 .text.rk3288_calc_drv_reg_and_bit
                0x000000000001a8a8       0x54 drivers/built-in.o
 .text.rk3228_calc_pull_reg_and_bit
                0x000000000001a8fc       0x44 drivers/built-in.o
 .text.rk3228_calc_drv_reg_and_bit
                0x000000000001a940       0x44 drivers/built-in.o
 .text.rk3308_calc_pull_reg_and_bit
                0x000000000001a984       0x44 drivers/built-in.o
 .text.rk3308_calc_drv_reg_and_bit
                0x000000000001a9c8        0x4 drivers/built-in.o
 .text.rk3308_calc_schmitt_reg_and_bit
                0x000000000001a9cc       0x44 drivers/built-in.o
 .text.rk3368_calc_pull_reg_and_bit
                0x000000000001aa10       0x54 drivers/built-in.o
 .text.rk3368_calc_drv_reg_and_bit