drivers/clk/rockchip/clk_rk3568.c:616:14:rk3568_cpll_div_get_rate	0	static
drivers/clk/rockchip/clk_rk3568.c:1221:14:rk3568_adc_get_clk	32	static
drivers/clk/rockchip/clk_rk3568.c:484:12:rk3568_pmuclk_probe	32	static
drivers/clk/rockchip/clk_rk3568.c:502:12:rk3568_pmuclk_ofdata_to_platdata	32	static
drivers/clk/rockchip/clk_rk3568.c:3292:12:rk3568_clk_ofdata_to_platdata	32	static
drivers/clk/rockchip/clk_rk3568.c:511:12:rk3568_pmuclk_bind	32	static
drivers/clk/rockchip/clk_rk3568.c:549:12:rk3568_armclk_set_clk	64	static
drivers/clk/rockchip/clk_rk3568.c:3301:12:rk3568_clk_bind	48	static
drivers/clk/rockchip/clk_rk3568.c:139:14:rk3568_pmu_pll_get_rate.constprop	48	static
drivers/clk/rockchip/clk_rk3568.c:3192:12:rk3568_clk_set_parent	32	static
drivers/clk/rockchip/clk_rk3568.c:1418:14:rk3568_sdmmc_get_clk.isra	0	static
drivers/clk/rockchip/clk_rk3568.c:1297:14:rk3568_crypto_get_rate.isra	0	static
drivers/clk/rockchip/clk_rk3568.c:1154:14:rk3568_pwm_get_clk.isra	0	static
drivers/clk/rockchip/clk_rk3568.c:1077:14:rk3568_spi_get_clk.isra	0	static
drivers/clk/rockchip/clk_rk3568.c:1018:14:rk3568_i2c_get_clk.isra	0	static
drivers/clk/rockchip/clk_rk3568.c:889:14:rk3568_top_get_clk.isra	0	static
drivers/clk/rockchip/clk_rk3568.c:810:14:rk3568_perimid_get_clk.isra	0	static
drivers/clk/rockchip/clk_rk3568.c:729:14:rk3568_bus_get_clk.isra	0	static
drivers/clk/rockchip/clk_rk3568.c:2503:14:rk3568_clk_get_rate	32	static
drivers/clk/rockchip/clk_rk3568.c:468:12:rk3568_pmuclk_set_parent	32	static
drivers/clk/rockchip/clk_rk3568.c:3271:12:rk3568_clk_probe	48	static
drivers/clk/rockchip/clk_rk3568.c:409:14:rk3568_pmuclk_set_rate	48	static
drivers/clk/rockchip/clk_rk3568.c:2685:14:rk3568_clk_set_rate	48	static
drivers/clk/rockchip/clk_rk3568.c:369:14:rk3568_pmuclk_get_rate	32	static
drivers/clk/rockchip/clk_rk3568.c:2889:5:rk3568_mmc_get_phase	32	static
drivers/clk/rockchip/clk_rk3568.c:2972:12:rk3568_clk_get_phase	0	static
drivers/clk/rockchip/clk_rk3568.c:2926:5:rk3568_mmc_set_phase	48	static
drivers/clk/rockchip/clk_rk3568.c:2991:12:rk3568_clk_set_phase	0	static
