lib/efi_loader/efi_boottime.c:591:12:efi_search.constprop	48	static
lib/efi_loader/efi_boottime.c:533:28:efi_uninstall_protocol_interface.constprop	64	static
lib/efi_loader/efi_boottime.c:455:28:efi_install_protocol_interface	64	static
lib/efi_loader/efi_boottime.c:614:21:efi_locate_handle.isra	80	static
lib/efi_loader/efi_boottime.c:56:5:__efi_entry_check	0	static
lib/efi_loader/efi_boottime.c:1155:20:efi_set_mem	16	static
lib/efi_loader/efi_boottime.c:1148:20:efi_copy_mem	16	static
lib/efi_loader/efi_boottime.c:832:28:efi_exit	16	static
lib/efi_loader/efi_boottime.c:68:5:__efi_exit_check	0	static
lib/efi_loader/efi_boottime.c:1139:28:efi_calculate_crc32	32	static
lib/efi_loader/efi_boottime.c:1132:28:efi_uninstall_multiple_protocol_interfaces	16	static
lib/efi_loader/efi_boottime.c:1088:28:efi_install_multiple_protocol_interfaces	144	static
lib/efi_loader/efi_boottime.c:1055:28:efi_locate_protocol	64	static
lib/efi_loader/efi_boottime.c:1022:28:efi_locate_handle_buffer	64	static
lib/efi_loader/efi_boottime.c:969:28:efi_protocols_per_handle	48	static
lib/efi_loader/efi_boottime.c:949:28:efi_close_protocol	16	static
lib/efi_loader/efi_boottime.c:1161:28:efi_open_protocol	64	static
lib/efi_loader/efi_boottime.c:1231:28:efi_handle_protocol	0	static
lib/efi_loader/efi_boottime.c:940:28:efi_disconnect_controller	16	static
lib/efi_loader/efi_boottime.c:929:28:efi_connect_controller	16	static
lib/efi_loader/efi_boottime.c:919:28:efi_set_watchdog_timer	16	static
lib/efi_loader/efi_boottime.c:177:20:efi_restore_tpl	16	static
lib/efi_loader/efi_boottime.c:912:28:efi_stall	16	static
lib/efi_loader/efi_boottime.c:904:28:efi_get_next_monotonic_count	16	static
lib/efi_loader/efi_boottime.c:885:28:efi_exit_boot_services	16	static
lib/efi_loader/efi_boottime.c:861:28:efi_unload_image	16	static
lib/efi_loader/efi_boottime.c:765:28:efi_load_image	64	static
lib/efi_loader/efi_boottime.c:664:28:efi_locate_device_path	32	static
lib/efi_loader/efi_boottime.c:652:28:efi_locate_handle_ext	16	static
lib/efi_loader/efi_boottime.c:583:28:efi_register_protocol_notify	16	static
lib/efi_loader/efi_boottime.c:574:28:efi_uninstall_protocol_interface_ext	16	static
lib/efi_loader/efi_boottime.c:524:28:efi_reinstall_protocol_interface	16	static
lib/efi_loader/efi_boottime.c:512:28:efi_install_protocol_interface_ext	16	static
lib/efi_loader/efi_boottime.c:421:28:efi_close_event	16	static
lib/efi_loader/efi_boottime.c:231:28:efi_free_pool_ext	16	static
lib/efi_loader/efi_boottime.c:220:28:efi_allocate_pool_ext	16	static
lib/efi_loader/efi_boottime.c:204:28:efi_get_memory_map_ext	16	static
lib/efi_loader/efi_boottime.c:194:28:efi_free_pages_ext	16	static
lib/efi_loader/efi_boottime.c:183:28:efi_allocate_pages_ext	16	static
lib/efi_loader/efi_boottime.c:171:29:efi_raise_tpl	16	static
lib/efi_loader/efi_boottime.c:959:28:efi_open_protocol_information	16	static
lib/efi_loader/efi_boottime.c:78:6:efi_save_gd	0	static
lib/efi_loader/efi_boottime.c:90:6:efi_restore_gd	0	static
lib/efi_loader/efi_boottime.c:112:13:__efi_nesting_inc	32	static
lib/efi_loader/efi_boottime.c:117:13:__efi_nesting_dec	32	static
lib/efi_loader/efi_boottime.c:804:28:efi_start_image	32	static
lib/efi_loader/efi_boottime.c:155:6:efi_signal_event	16	static
lib/efi_loader/efi_boottime.c:407:28:efi_signal_event_ext	16	static
lib/efi_loader/efi_boottime.c:246:14:efi_create_event	0	static
lib/efi_loader/efi_boottime.c:280:28:efi_create_event_ext	16	static
lib/efi_loader/efi_boottime.c:298:6:efi_timer_check	48	static
lib/efi_loader/efi_boottime.c:437:28:efi_check_event	32	static
lib/efi_loader/efi_boottime.c:363:28:efi_wait_for_event	48	static
lib/efi_loader/efi_boottime.c:319:14:efi_set_timer	48	static
lib/efi_loader/efi_boottime.c:355:28:efi_set_timer_ext	16	static
lib/efi_loader/efi_boottime.c:692:14:efi_install_configuration_table	80	static
lib/efi_loader/efi_boottime.c:722:28:efi_install_configuration_table_ext	16	static
lib/efi_loader/efi_boottime.c:732:6:efi_setup_loaded_image	32	static
