
Discarded input sections

 .data          0x0000000000000000        0x0 arch/arm/cpu/armv8/start.o
 .bss           0x0000000000000000        0x0 arch/arm/cpu/armv8/start.o
 .text          0x0000000000000000        0x0 arch/arm/mach-rockchip/built-in.o
 .text.param_parse_ddr_mem
                0x0000000000000000      0x168 arch/arm/mach-rockchip/built-in.o
 .text.param_parse_pre_serial
                0x0000000000000000       0x9c arch/arm/mach-rockchip/built-in.o
 .text.param_parse_pubkey_fuse_programmed
                0x0000000000000000       0x58 arch/arm/mach-rockchip/built-in.o
 .text.rockchip_sdram_size
                0x0000000000000000      0x19c arch/arm/mach-rockchip/built-in.o
 .text.get_page_size
                0x0000000000000000       0x20 arch/arm/mach-rockchip/built-in.o
 .text.get_ddr_bw
                0x0000000000000000       0x20 arch/arm/mach-rockchip/built-in.o
 .text.dram_init_banksize
                0x0000000000000000       0x18 arch/arm/mach-rockchip/built-in.o
 .text.dram_init
                0x0000000000000000       0x34 arch/arm/mach-rockchip/built-in.o
 .text.board_get_usable_ram_top
                0x0000000000000000       0x18 arch/arm/mach-rockchip/built-in.o
 .text.rockchip_setup_ddr_param
                0x0000000000000000       0x40 arch/arm/mach-rockchip/built-in.o
 .text.rk3568_board_fdt_fixup_ethernet.isra.0
                0x0000000000000000      0x1f8 arch/arm/mach-rockchip/built-in.o
 .text.fit_standalone_release
                0x0000000000000000       0x64 arch/arm/mach-rockchip/built-in.o
 .text.spl_fit_standalone_release
                0x0000000000000000        0x4 arch/arm/mach-rockchip/built-in.o
 .text.rk_board_fdt_fixup
                0x0000000000000000      0x16c arch/arm/mach-rockchip/built-in.o
 .text.rockchip_get_clk
                0x0000000000000000       0x14 arch/arm/mach-rockchip/built-in.o
 .text.rockchip_get_cru
                0x0000000000000000       0x30 arch/arm/mach-rockchip/built-in.o
 .text.rockchip_get_pmucru
                0x0000000000000000       0x3c arch/arm/mach-rockchip/built-in.o
 .text.putc     0x0000000000000000       0x38 arch/arm/mach-rockchip/built-in.o
 .text.puts     0x0000000000000000       0x30 arch/arm/mach-rockchip/built-in.o
 .text.__udelay
                0x0000000000000000       0x1c arch/arm/mach-rockchip/built-in.o
 .text.udelay   0x0000000000000000        0x4 arch/arm/mach-rockchip/built-in.o
 .text.spl_boot_device
                0x0000000000000000        0x8 arch/arm/mach-rockchip/built-in.o
 .text.board_init_r
                0x0000000000000000        0x4 arch/arm/mach-rockchip/built-in.o
 .text.memset   0x0000000000000000       0x1c arch/arm/mach-rockchip/built-in.o
 .text.memcpy   0x0000000000000000       0x6c arch/arm/mach-rockchip/built-in.o
 .text.atags_bad_magic
                0x0000000000000000       0x50 arch/arm/mach-rockchip/built-in.o
 .text.atags_overflow
                0x0000000000000000       0x48 arch/arm/mach-rockchip/built-in.o
 .text.atags_is_available
                0x0000000000000000       0x1c arch/arm/mach-rockchip/built-in.o
 .text.atags_set_tag
                0x0000000000000000      0x180 arch/arm/mach-rockchip/built-in.o
 .text.atags_get_tag
                0x0000000000000000        0x8 arch/arm/mach-rockchip/built-in.o
 .text.atags_destroy
                0x0000000000000000       0x28 arch/arm/mach-rockchip/built-in.o
 .rodata.param_parse_ddr_mem.str1.1
                0x0000000000000000       0x1a arch/arm/mach-rockchip/built-in.o
 .rodata.param_parse_pubkey_fuse_programmed.str1.1
                0x0000000000000000       0x2d arch/arm/mach-rockchip/built-in.o
 .rodata.get_page_size.str1.1
                0x0000000000000000       0x2b arch/arm/mach-rockchip/built-in.o
 .rodata.rk3568_board_fdt_fixup_ethernet.isra.0.str1.1
                0x0000000000000000       0xc8 arch/arm/mach-rockchip/built-in.o
 .rodata.rk_board_fdt_fixup.str1.1
                0x0000000000000000       0x57 arch/arm/mach-rockchip/built-in.o
 .rodata.atags_bad_magic.str1.1
                0x0000000000000000       0x16 arch/arm/mach-rockchip/built-in.o
 .rodata.atags_overflow.str1.1
                0x0000000000000000       0x11 arch/arm/mach-rockchip/built-in.o
 .rodata.CSWTCH.20
                0x0000000000000000        0xa arch/arm/mach-rockchip/built-in.o
 .eh_frame      0x0000000000000000      0x518 arch/arm/mach-rockchip/built-in.o
 .data.mem_map  0x0000000000000000        0x8 arch/arm/mach-rockchip/built-in.o
 .data.rk3568_mem_map
                0x0000000000000000       0x80 arch/arm/mach-rockchip/built-in.o
 .bss           0x0000000000000000        0x0 arch/arm/mach-rockchip/built-in.o
 .text          0x0000000000000000      0x544 arch/arm/cpu/armv8/built-in.o
 .text.sdelay   0x0000000000000000        0xc arch/arm/cpu/armv8/built-in.o
 .text.cleanup_before_linux
                0x0000000000000000       0x2c arch/arm/cpu/armv8/built-in.o
 .text.get_tbclk
                0x0000000000000000        0x8 arch/arm/cpu/armv8/built-in.o
 .text.timer_read_counter
                0x0000000000000000        0xc arch/arm/cpu/armv8/built-in.o
 .text.get_ticks
                0x0000000000000000       0x10 arch/arm/cpu/armv8/built-in.o
 .text.usec2ticks
                0x0000000000000000       0x44 arch/arm/cpu/armv8/built-in.o
 .text.timer_get_boot_us
                0x0000000000000000       0x14 arch/arm/cpu/armv8/built-in.o
 .text.count_required_pts
                0x0000000000000000       0xf8 arch/arm/cpu/armv8/built-in.o
 .text.create_table
                0x0000000000000000       0x70 arch/arm/cpu/armv8/built-in.o
 .text.split_block
                0x0000000000000000       0x90 arch/arm/cpu/armv8/built-in.o
 .text.get_tcr  0x0000000000000000       0xe4 arch/arm/cpu/armv8/built-in.o
 .text.find_pte
                0x0000000000000000       0x8c arch/arm/cpu/armv8/built-in.o
 .text.set_one_region
                0x0000000000000000       0xd8 arch/arm/cpu/armv8/built-in.o
 .text.get_page_table_size
                0x0000000000000000       0x48 arch/arm/cpu/armv8/built-in.o
 .text.setup_pgtables
                0x0000000000000000      0x16c arch/arm/cpu/armv8/built-in.o
 .text.mmu_setup
                0x0000000000000000      0x13c arch/arm/cpu/armv8/built-in.o
 .text.invalidate_dcache_all
                0x0000000000000000       0x14 arch/arm/cpu/armv8/built-in.o
 .text.flush_dcache_all
                0x0000000000000000       0x14 arch/arm/cpu/armv8/built-in.o
 .text.invalidate_dcache_range
                0x0000000000000000        0x4 arch/arm/cpu/armv8/built-in.o
 .text.flush_dcache_range
                0x0000000000000000        0x4 arch/arm/cpu/armv8/built-in.o
 .text.dcache_enable
                0x0000000000000000      0x110 arch/arm/cpu/armv8/built-in.o
 .text.dcache_disable
                0x0000000000000000       0x84 arch/arm/cpu/armv8/built-in.o
 .text.dcache_status
                0x0000000000000000       0x34 arch/arm/cpu/armv8/built-in.o
 .text.arch_get_page_table
                0x0000000000000000       0x20 arch/arm/cpu/armv8/built-in.o
 .text.mmu_set_region_dcache_behaviour
                0x0000000000000000       0xa8 arch/arm/cpu/armv8/built-in.o
 .text.mmu_change_region_attr
                0x0000000000000000       0xe8 arch/arm/cpu/armv8/built-in.o
 .text.icache_disable
                0x0000000000000000       0x64 arch/arm/cpu/armv8/built-in.o
 .text.icache_status
                0x0000000000000000       0x34 arch/arm/cpu/armv8/built-in.o
 .text.invalidate_icache_all
                0x0000000000000000       0x14 arch/arm/cpu/armv8/built-in.o
 .text.icache_enable
                0x0000000000000000       0x74 arch/arm/cpu/armv8/built-in.o
 .text.enable_caches
                0x0000000000000000       0x14 arch/arm/cpu/armv8/built-in.o
 .text.__asm_dcache_level
                0x0000000000000000       0x64 arch/arm/cpu/armv8/built-in.o
 .text.__asm_dcache_all
                0x0000000000000000       0x60 arch/arm/cpu/armv8/built-in.o
 .text.__asm_flush_dcache_all
                0x0000000000000000        0x8 arch/arm/cpu/armv8/built-in.o
 .text.__asm_invalidate_dcache_all
                0x0000000000000000        0x8 arch/arm/cpu/armv8/built-in.o
 .text.__asm_flush_dcache_range
                0x0000000000000000       0x3c arch/arm/cpu/armv8/built-in.o
 .text.__asm_invalidate_dcache_range
                0x0000000000000000       0x34 arch/arm/cpu/armv8/built-in.o
 .text.__asm_invalidate_l3_dcache
                0x0000000000000000        0x8 arch/arm/cpu/armv8/built-in.o
 .text.__asm_flush_l3_dcache
                0x0000000000000000        0x8 arch/arm/cpu/armv8/built-in.o
 .text.__asm_invalidate_l3_icache
                0x0000000000000000        0x8 arch/arm/cpu/armv8/built-in.o
 .text.__asm_switch_ttbr
                0x0000000000000000       0xe0 arch/arm/cpu/armv8/built-in.o
 .text.__asm_invalidate_tlb_all
                0x0000000000000000       0x4c arch/arm/cpu/armv8/built-in.o
 .text.armv8_switch_to_el2
                0x0000000000000000       0xb8 arch/arm/cpu/armv8/built-in.o
 .text.armv8_switch_to_el1
                0x0000000000000000       0xd0 arch/arm/cpu/armv8/built-in.o
 .text.armv8_el2_to_aarch32
                0x0000000000000000        0x4 arch/arm/cpu/armv8/built-in.o
 .text.smc_call
                0x0000000000000000       0x44 arch/arm/cpu/armv8/built-in.o
 .text.psci_system_reset
                0x0000000000000000       0x20 arch/arm/cpu/armv8/built-in.o
 .text.psci_system_off
                0x0000000000000000       0x20 arch/arm/cpu/armv8/built-in.o
 .text.reset_misc
                0x0000000000000000        0xc arch/arm/cpu/armv8/built-in.o
 .text.efi_reset_system
                0x0000000000000000       0x24 arch/arm/cpu/armv8/built-in.o
 .rodata.create_table.str1.1
                0x0000000000000000       0x62 arch/arm/cpu/armv8/built-in.o
 .rodata.split_block.str1.1
                0x0000000000000000       0x74 arch/arm/cpu/armv8/built-in.o
 .rodata.set_one_region.str1.1
                0x0000000000000000       0x2e arch/arm/cpu/armv8/built-in.o
 .rodata.setup_pgtables.str1.1
                0x0000000000000000       0x2d arch/arm/cpu/armv8/built-in.o
 .rodata.arch_get_page_table.str1.1
                0x0000000000000000       0x1e arch/arm/cpu/armv8/built-in.o
 .rodata.mmu_set_region_dcache_behaviour.str1.1
                0x0000000000000000       0x20 arch/arm/cpu/armv8/built-in.o
 .eh_frame      0x0000000000000000      0x504 arch/arm/cpu/armv8/built-in.o
 .data          0x0000000000000000        0x0 arch/arm/cpu/armv8/built-in.o
 .bss           0x0000000000000000        0x0 arch/arm/cpu/armv8/built-in.o
 .text          0x0000000000000000      0x17c arch/arm/lib/built-in.o
 .text.board_init_f
                0x0000000000000000        0x4 arch/arm/lib/built-in.o
 .text.bootz_setup
                0x0000000000000000       0x7c arch/arm/lib/built-in.o
 .text.board_fdt_fixup
                0x0000000000000000        0x8 arch/arm/lib/built-in.o
 .text.arch_fixup_fdt
                0x0000000000000000       0x8c arch/arm/lib/built-in.o
 .text.arch_reserve_stacks
                0x0000000000000000       0x1c arch/arm/lib/built-in.o
 .text.interrupt_init
                0x0000000000000000        0x8 arch/arm/lib/built-in.o
 .text.enable_interrupts
                0x0000000000000000        0x4 arch/arm/lib/built-in.o
 .text.disable_interrupts
                0x0000000000000000        0x8 arch/arm/lib/built-in.o
 .text.show_regs
                0x0000000000000000       0xc4 arch/arm/lib/built-in.o
 .text.do_bad_sync
                0x0000000000000000       0x30 arch/arm/lib/built-in.o
 .text.do_bad_irq
                0x0000000000000000       0x30 arch/arm/lib/built-in.o
 .text.do_bad_fiq
                0x0000000000000000       0x30 arch/arm/lib/built-in.o
 .text.do_bad_error
                0x0000000000000000       0x30 arch/arm/lib/built-in.o
 .text.do_sync  0x0000000000000000       0x30 arch/arm/lib/built-in.o
 .text.do_irq   0x0000000000000000       0x30 arch/arm/lib/built-in.o
 .text.do_fiq   0x0000000000000000       0x30 arch/arm/lib/built-in.o
 .text.do_error
                0x0000000000000000       0x30 arch/arm/lib/built-in.o
 .text.dump_core_stack
                0x0000000000000000       0xdc arch/arm/lib/built-in.o
 .text.dump_stack
                0x0000000000000000       0x3c arch/arm/lib/built-in.o
 .text.enable_caches
                0x0000000000000000        0xc arch/arm/lib/built-in.o
 .text.invalidate_dcache_range
                0x0000000000000000        0x4 arch/arm/lib/built-in.o
 .text.flush_dcache_range
                0x0000000000000000        0x4 arch/arm/lib/built-in.o
 .text.flush_cache
                0x0000000000000000        0x8 arch/arm/lib/built-in.o
 .text.flush_dcache_all
                0x0000000000000000        0xc arch/arm/lib/built-in.o
 .text.check_cache_range
                0x0000000000000000       0x10 arch/arm/lib/built-in.o
 .text.noncached_init
                0x0000000000000000       0x38 arch/arm/lib/built-in.o
 .text.noncached_alloc
                0x0000000000000000       0x4c arch/arm/lib/built-in.o
 .text.fdt_psci
                0x0000000000000000        0x8 arch/arm/lib/built-in.o
 .rodata.arch_fixup_fdt.str1.1
                0x0000000000000000       0x33 arch/arm/lib/built-in.o
 .rodata.show_regs.str1.1
                0x0000000000000000       0x52 arch/arm/lib/built-in.o
 .rodata.do_bad_sync.str1.1
                0x0000000000000000       0x48 arch/arm/lib/built-in.o
 .rodata.do_bad_irq.str1.1
                0x0000000000000000       0x27 arch/arm/lib/built-in.o
 .rodata.do_bad_fiq.str1.1
                0x0000000000000000       0x27 arch/arm/lib/built-in.o
 .rodata.do_bad_error.str1.1
                0x0000000000000000       0x29 arch/arm/lib/built-in.o
 .rodata.do_sync.str1.1
                0x0000000000000000       0x29 arch/arm/lib/built-in.o
 .rodata.do_irq.str1.1
                0x0000000000000000       0x1b arch/arm/lib/built-in.o
 .rodata.do_fiq.str1.1
                0x0000000000000000       0x1b arch/arm/lib/built-in.o
 .rodata.do_error.str1.1
                0x0000000000000000       0x1d arch/arm/lib/built-in.o
 .rodata.dump_core_stack.str1.1
                0x0000000000000000       0xd6 arch/arm/lib/built-in.o
 .rodata.enable_caches.str1.1
                0x0000000000000000       0x1d arch/arm/lib/built-in.o
 .eh_frame      0x0000000000000000      0x368 arch/arm/lib/built-in.o
 .data          0x0000000000000000        0x0 arch/arm/lib/built-in.o
 .__efi_runtime_rel_start
                0x0000000000000000        0x0 arch/arm/lib/built-in.o
 .__efi_runtime_rel_stop
                0x0000000000000000        0x0 arch/arm/lib/built-in.o
 .__efi_runtime_start
                0x0000000000000000        0x0 arch/arm/lib/built-in.o
 .__efi_runtime_stop
                0x0000000000000000        0x0 arch/arm/lib/built-in.o
 .__end         0x0000000000000000        0x0 arch/arm/lib/built-in.o
 .__image_copy_end
                0x0000000000000000        0x0 arch/arm/lib/built-in.o
 .__image_copy_start
                0x0000000000000000        0x0 arch/arm/lib/built-in.o
 .__rel_dyn_end
                0x0000000000000000        0x0 arch/arm/lib/built-in.o
 .__rel_dyn_start
                0x0000000000000000        0x0 arch/arm/lib/built-in.o
 .__secure_end  0x0000000000000000        0x0 arch/arm/lib/built-in.o
 .__secure_stack_end
                0x0000000000000000        0x0 arch/arm/lib/built-in.o
 .__secure_stack_start
                0x0000000000000000        0x0 arch/arm/lib/built-in.o
 .__secure_start
                0x0000000000000000        0x0 arch/arm/lib/built-in.o
 .bss           0x0000000000000000        0x0 arch/arm/lib/built-in.o
 .bss.noncached_end
                0x0000000000000000        0x8 arch/arm/lib/built-in.o
 .bss.noncached_next
                0x0000000000000000        0x8 arch/arm/lib/built-in.o
 .text          0x0000000000000000        0x0 board/rockchip/evb_rk3568/built-in.o
 .text.usb_gadget_handle_interrupts
                0x0000000000000000       0x1c board/rockchip/evb_rk3568/built-in.o
 .text.board_usb_init
                0x0000000000000000        0xc board/rockchip/evb_rk3568/built-in.o
 .eh_frame      0x0000000000000000       0x48 board/rockchip/evb_rk3568/built-in.o
 .data          0x0000000000000000        0x0 board/rockchip/evb_rk3568/built-in.o
 .data.dwc3_device_data
                0x0000000000000000       0x68 board/rockchip/evb_rk3568/built-in.o
 .bss           0x0000000000000000        0x0 board/rockchip/evb_rk3568/built-in.o
 .comment       0x0000000000000000       0x29 board/rockchip/evb_rk3568/built-in.o
 .note.GNU-stack
                0x0000000000000000        0x0 board/rockchip/evb_rk3568/built-in.o
 .debug_aranges
                0x0000000000000000       0x40 board/rockchip/evb_rk3568/built-in.o
 .debug_info    0x0000000000000000      0xe30 board/rockchip/evb_rk3568/built-in.o
 .debug_abbrev  0x0000000000000000      0x288 board/rockchip/evb_rk3568/built-in.o
 .debug_line    0x0000000000000000       0xe4 board/rockchip/evb_rk3568/built-in.o
 .debug_str     0x0000000000000000      0xfe6 board/rockchip/evb_rk3568/built-in.o
 .debug_line_str
                0x0000000000000000      0x1c9 board/rockchip/evb_rk3568/built-in.o
 .debug_loclists
                0x0000000000000000       0x42 board/rockchip/evb_rk3568/built-in.o
 .debug_rnglists
                0x0000000000000000       0x21 board/rockchip/evb_rk3568/built-in.o
 .text          0x0000000000000000        0x0 common/init/built-in.o
 .text.board_init_f_alloc_reserve
                0x0000000000000000       0x10 common/init/built-in.o
 .text.board_init_f_init_reserve
                0x0000000000000000       0x30 common/init/built-in.o
 .text.board_init_f_boot_flags
                0x0000000000000000       0x24 common/init/built-in.o
 .eh_frame      0x0000000000000000       0x74 common/init/built-in.o
 .data          0x0000000000000000        0x0 common/init/built-in.o
 .bss           0x0000000000000000        0x0 common/init/built-in.o
 .text          0x0000000000000000        0x0 disk/built-in.o
 .text.part_driver_lookup_type
                0x0000000000000000       0xa4 disk/built-in.o
 .text.part_get_info_by_name_option
                0x0000000000000000      0x120 disk/built-in.o
 .text.blk_get_dev
                0x0000000000000000       0x38 disk/built-in.o
 .text.dev_print
                0x0000000000000000      0x200 disk/built-in.o
 .text.part_init
                0x0000000000000000       0x7c disk/built-in.o
 .text.part_print
                0x0000000000000000       0x58 disk/built-in.o
 .text.part_get_type
                0x0000000000000000       0x44 disk/built-in.o
 .text.part_get_info
                0x0000000000000000       0x64 disk/built-in.o
 .text.part_get_info_whole_disk
                0x0000000000000000       0x50 disk/built-in.o
 .text.blk_get_device_by_str
                0x0000000000000000      0x164 disk/built-in.o
 .text.blk_get_device_part_str
                0x0000000000000000      0x354 disk/built-in.o
 .text.part_get_info_by_name
                0x0000000000000000        0x8 disk/built-in.o
 .text.part_get_info_by_name_strict
                0x0000000000000000        0x8 disk/built-in.o
 .text.part_set_generic_name
                0x0000000000000000       0x48 disk/built-in.o
 .rodata.part_get_info_by_name_option.str1.1
                0x0000000000000000        0x6 disk/built-in.o
 .rodata.dev_print.str1.1
                0x0000000000000000      0x15e disk/built-in.o
 .rodata.dev_print
                0x0000000000000000        0x8 disk/built-in.o
 .rodata.part_print.str1.1
                0x0000000000000000       0x24 disk/built-in.o
 .rodata.part_get_info_whole_disk.str1.1
                0x0000000000000000       0x12 disk/built-in.o
 .rodata.blk_get_device_by_str.str1.1
                0x0000000000000000       0x6a disk/built-in.o
 .rodata.blk_get_device_part_str.str1.1
                0x0000000000000000      0x109 disk/built-in.o
 .rodata.part_set_generic_name.str1.1
                0x0000000000000000        0xa disk/built-in.o
 .rodata.str1.1
                0x0000000000000000       0x16 disk/built-in.o
 .rodata.CSWTCH.29
                0x0000000000000000       0x40 disk/built-in.o
 .eh_frame      0x0000000000000000      0x26c disk/built-in.o
 .data          0x0000000000000000        0x0 disk/built-in.o
 .bss           0x0000000000000000        0x0 disk/built-in.o
 .text          0x0000000000000000        0x0 drivers/built-in.o
 .text.sdram_print_dram_type
                0x0000000000000000       0x78 drivers/built-in.o
 .text.sdram_get_cs_cap
                0x0000000000000000       0xb0 drivers/built-in.o
 .text.sdram_print_ddr_info
                0x0000000000000000      0x24c drivers/built-in.o
 .text.sdram_copy_to_reg
                0x0000000000000000       0x2c drivers/built-in.o
 .text.sdram_org_config
                0x0000000000000000      0x1ac drivers/built-in.o
 .text.sdram_org_config_v3
                0x0000000000000000      0x298 drivers/built-in.o
 .text.sdram_detect_bw
                0x0000000000000000        0x8 drivers/built-in.o
 .text.sdram_detect_cs
                0x0000000000000000        0x8 drivers/built-in.o
 .text.sdram_detect_col
                0x0000000000000000       0x8c drivers/built-in.o
 .text.sdram_detect_bank
                0x0000000000000000       0x68 drivers/built-in.o
 .text.sdram_detect_bg
                0x0000000000000000       0x64 drivers/built-in.o
 .text.sdram_detect_dbw
                0x0000000000000000      0x110 drivers/built-in.o
 .text.sdram_detect_row
                0x0000000000000000       0x94 drivers/built-in.o
 .text.sdram_detect_row_3_4
                0x0000000000000000       0x6c drivers/built-in.o
 .text.sdram_detect_high_row
                0x0000000000000000      0x13c drivers/built-in.o
 .text.sdram_detect_cs1_row
                0x0000000000000000       0xe0 drivers/built-in.o
 .text._serial_putc
                0x0000000000000000       0x58 drivers/built-in.o
 .text.__serial_getc
                0x0000000000000000       0x40 drivers/built-in.o
 .text.__serial_tstc
                0x0000000000000000       0x24 drivers/built-in.o
 .text.__serial_clear
                0x0000000000000000       0x1c drivers/built-in.o
 .text.serial_init
                0x0000000000000000        0x8 drivers/built-in.o
 .text.serial_initialize
                0x0000000000000000        0x4 drivers/built-in.o
 .text.serial_putc
                0x0000000000000000       0x1c drivers/built-in.o
 .text.serial_puts
                0x0000000000000000       0x44 drivers/built-in.o
 .text.serial_getc
                0x0000000000000000       0x14 drivers/built-in.o
 .text.serial_tstc
                0x0000000000000000       0x14 drivers/built-in.o
 .text.serial_setbrg
                0x0000000000000000       0x34 drivers/built-in.o
 .text.serial_clear
                0x0000000000000000       0x14 drivers/built-in.o
 .text.serial_dev_putc
                0x0000000000000000       0x10 drivers/built-in.o
 .text.serial_dev_puts
                0x0000000000000000       0x40 drivers/built-in.o
 .text.serial_dev_getc
                0x0000000000000000       0x10 drivers/built-in.o
 .text.serial_dev_tstc
                0x0000000000000000       0x10 drivers/built-in.o
 .text.serial_dev_setbrg
                0x0000000000000000       0x20 drivers/built-in.o
 .text.serial_dev_clear
                0x0000000000000000        0xc drivers/built-in.o
 .text.serial_stdio_init
                0x0000000000000000        0x4 drivers/built-in.o
 .text.ns16550_readb.isra.0
                0x0000000000000000       0x1c drivers/built-in.o
 .text.ns16550_serial_getc
                0x0000000000000000       0x3c drivers/built-in.o
 .text.ns16550_serial_pending
                0x0000000000000000       0x44 drivers/built-in.o
 .text.ns16550_writeb.isra.0
                0x0000000000000000       0x1c drivers/built-in.o
 .text.ns16550_serial_putc
                0x0000000000000000       0x4c drivers/built-in.o
 .text.ns16550_serial_clear
                0x0000000000000000       0x28 drivers/built-in.o
 .text.NS16550_setbrg
                0x0000000000000000       0x54 drivers/built-in.o
 .text.ns16550_serial_setbrg
                0x0000000000000000       0x40 drivers/built-in.o
 .text.ns16550_calc_divisor
                0x0000000000000000       0x14 drivers/built-in.o
 .text.NS16550_init
                0x0000000000000000       0x74 drivers/built-in.o
 .text.NS16550_reinit
                0x0000000000000000       0x60 drivers/built-in.o
 .text.NS16550_putc
                0x0000000000000000       0x38 drivers/built-in.o
 .text.NS16550_getc
                0x0000000000000000       0x34 drivers/built-in.o
 .text.NS16550_tstc
                0x0000000000000000       0x20 drivers/built-in.o
 .text.printch  0x0000000000000000       0x6c drivers/built-in.o
 .text.debug_uart_getc
                0x0000000000000000       0x38 drivers/built-in.o
 .text.debug_uart_tstc
                0x0000000000000000       0x34 drivers/built-in.o
 .text.debug_uart_clrc
                0x0000000000000000       0x30 drivers/built-in.o
 .text.debug_uart_flushc
                0x0000000000000000       0x34 drivers/built-in.o
 .text.debug_uart_setbrg
                0x0000000000000000       0x68 drivers/built-in.o
 .text.printhex2
                0x0000000000000000       0x5c drivers/built-in.o
 .text.printhex4
                0x0000000000000000       0x5c drivers/built-in.o
 .text.printhex8
                0x0000000000000000       0x5c drivers/built-in.o
 .text.printdec
                0x0000000000000000       0xb0 drivers/built-in.o
 .text.ns16550_serial_probe
                0x0000000000000000       0x40 drivers/built-in.o
 .rodata.sdram_print_dram_type.str1.1
                0x0000000000000000       0x36 drivers/built-in.o
 .rodata.sdram_print_dram_type
                0x0000000000000000        0x9 drivers/built-in.o
 .rodata.sdram_print_ddr_info.str1.1
                0x0000000000000000       0x5f drivers/built-in.o
 .rodata.sdram_detect_col.str1.1
                0x0000000000000000        0xb drivers/built-in.o
 .rodata.sdram_detect_row.str1.1
                0x0000000000000000        0xa drivers/built-in.o
 .rodata.sdram_detect_high_row.str1.1
                0x0000000000000000       0x18 drivers/built-in.o
 .rodata.ns16550_serial_ops
                0x0000000000000000       0x28 drivers/built-in.o
 .eh_frame      0x0000000000000000      0x6c4 drivers/built-in.o
 .data          0x0000000000000000        0x0 drivers/built-in.o
 .bss           0x0000000000000000        0x0 drivers/built-in.o
 .text          0x0000000000000000        0x0 fs/built-in.o
 .text.fs_devread
                0x0000000000000000      0x258 fs/built-in.o
 .rodata.fs_devread.str1.1
                0x0000000000000000       0x98 fs/built-in.o
 .rodata.__func__.0
                0x0000000000000000        0xb fs/built-in.o
 .eh_frame      0x0000000000000000       0x5c fs/built-in.o
 .data          0x0000000000000000        0x0 fs/built-in.o
 .bss           0x0000000000000000        0x0 fs/built-in.o
 .comment       0x0000000000000000       0x29 fs/built-in.o
 .note.GNU-stack
                0x0000000000000000        0x0 fs/built-in.o
 .debug_aranges
                0x0000000000000000       0x30 fs/built-in.o
 .debug_info    0x0000000000000000      0x9c5 fs/built-in.o
 .debug_abbrev  0x0000000000000000      0x2d4 fs/built-in.o
 .debug_line    0x0000000000000000      0x33e fs/built-in.o
 .debug_str     0x0000000000000000      0x4f6 fs/built-in.o
 .debug_line_str
                0x0000000000000000      0x123 fs/built-in.o
 .debug_loclists
                0x0000000000000000      0x572 fs/built-in.o
 .debug_rnglists
                0x0000000000000000       0x85 fs/built-in.o

Memory Configuration

Name             Origin             Length             Attributes
*default*        0x0000000000000000 0xffffffffffffffff

Linker script and memory map

                0x0000000000000000                . = 0x0

.text           0x00000000fdcc1000      0x3f0
                0x00000000fdcc1000                . = ALIGN (0x8)
 *(.__image_copy_start)
 arch/arm/cpu/armv8/start.o(.text*)
 .text          0x00000000fdcc1000       0x10 arch/arm/cpu/armv8/start.o
                0x00000000fdcc1000                _start
                0x00000000fdcc1008                save_boot_params_ret
 *(.text*)
 .text.board_debug_uart_init
                0x00000000fdcc1010       0x30 arch/arm/mach-rockchip/built-in.o
                0x00000000fdcc1010                board_debug_uart_init
 .text.arch_cpu_init
                0x00000000fdcc1040      0x108 arch/arm/mach-rockchip/built-in.o
                0x00000000fdcc1040                arch_cpu_init
 .text.back_to_bootrom
                0x00000000fdcc1148       0x10 arch/arm/mach-rockchip/built-in.o
                0x00000000fdcc1148                back_to_bootrom
 .text.save_boot_params
                0x00000000fdcc1158       0x9c arch/arm/mach-rockchip/built-in.o
                0x00000000fdcc1158                save_boot_params
 .text.timer_init
                0x00000000fdcc11f4        0x8 arch/arm/mach-rockchip/built-in.o
                0x00000000fdcc11f4                timer_init
 .text.hang     0x00000000fdcc11fc       0x14 arch/arm/mach-rockchip/built-in.o
                0x00000000fdcc11fc                hang
 .text.rockchip_stimer_init
                0x00000000fdcc1210       0x48 arch/arm/mach-rockchip/built-in.o
                0x00000000fdcc1210                rockchip_stimer_init
 .text.board_init_f
                0x00000000fdcc1258       0x34 arch/arm/mach-rockchip/built-in.o
                0x00000000fdcc1258                board_init_f
 .text.__asm_invalidate_icache_all
                0x00000000fdcc128c        0xc arch/arm/cpu/armv8/built-in.o
                0x00000000fdcc128c                __asm_invalidate_icache_all
 .text.setjmp   0x00000000fdcc1298       0x28 arch/arm/lib/built-in.o
                0x00000000fdcc1298                setjmp
 .text.longjmp  0x00000000fdcc12c0       0x40 arch/arm/lib/built-in.o
                0x00000000fdcc12c0                longjmp
 .text.show_boot_progress
                0x00000000fdcc1300        0x4 common/init/built-in.o
                0x00000000fdcc1300                show_boot_progress
 .text.sdram_init
                0x00000000fdcc1304        0x8 drivers/built-in.o
                0x00000000fdcc1304                sdram_init
 .text.printascii
                0x00000000fdcc130c       0x7c drivers/built-in.o
                0x00000000fdcc130c                printascii
 .text.debug_uart_init
                0x00000000fdcc1388       0x68 drivers/built-in.o
                0x00000000fdcc1388                debug_uart_init

.iplt           0x00000000fdcc13f0        0x0
 .iplt          0x00000000fdcc13f0        0x0 arch/arm/cpu/armv8/start.o

.rodata         0x00000000fdcc13f0       0x2e
                0x00000000fdcc13f0                . = ALIGN (0x8)
 *(SORT_BY_ALIGNMENT(SORT_BY_NAME(.rodata*)))
 .rodata.board_init_f.str1.1
                0x00000000fdcc13f0       0x2e arch/arm/mach-rockchip/built-in.o

.rela.dyn       0x00000000fdcc1420        0x0
 .rela.iplt     0x00000000fdcc1420        0x0 arch/arm/cpu/armv8/start.o

.data           0x00000000fdcc1420       0x68
                0x00000000fdcc1420                . = ALIGN (0x8)
 *(.data*)
 .data          0x00000000fdcc1420       0x68 arch/arm/mach-rockchip/built-in.o

.igot.plt       0x00000000fdcc1488        0x0
 .igot.plt      0x00000000fdcc1488        0x0 arch/arm/cpu/armv8/start.o

.u_boot_list    0x00000000fdcc1488        0x0
                0x00000000fdcc1488                . = ALIGN (0x8)
 *(SORT_BY_NAME(.u_boot_list*))
 .u_boot_list_2_part_driver_1
                0x00000000fdcc1488        0x0 disk/built-in.o
 .u_boot_list_2_part_driver_3
                0x00000000fdcc1488        0x0 disk/built-in.o

.image_copy_end
                0x00000000fdcc1488        0x0
                0x00000000fdcc1488                . = ALIGN (0x8)
 *(.__image_copy_end)

.end            0x00000000fdcc1488        0x0
                0x00000000fdcc1488                . = ALIGN (0x8)
 *(.__end)
                0x00000000fdcc1488                _image_binary_end = .

.bss_start      0x00000000fdcc1488        0x0
                0x00000000fdcc1488                . = ALIGN (0x8)
 *(.__bss_start)
 .__bss_start   0x00000000fdcc1488        0x0 arch/arm/lib/built-in.o
                0x00000000fdcc1488                __bss_start

.bss            0x00000000fdcc1488        0x0
 *(.bss*)
                0x00000000fdcc1488                . = ALIGN (0x8)

.bss_end        0x00000000fdcc1488        0x0
 *(.__bss_end)
 .__bss_end     0x00000000fdcc1488        0x0 arch/arm/lib/built-in.o
                0x00000000fdcc1488                __bss_end

/DISCARD/
 *(.dynsym)

/DISCARD/
 *(.dynstr*)

/DISCARD/
 *(.dynamic*)

/DISCARD/
 *(.plt*)

/DISCARD/
 *(.interp*)

/DISCARD/
 *(.gnu*)
                0x0000000000000001                ASSERT (((__image_copy_end - __image_copy_start) < 0xf000), TPL image too big)
Address of section .text set to 0xfdcc1000
LOAD arch/arm/cpu/armv8/start.o
START GROUP
LOAD arch/arm/mach-rockchip/built-in.o
LOAD arch/arm/cpu/armv8/built-in.o
LOAD arch/arm/cpu/built-in.o
LOAD arch/arm/lib/built-in.o
LOAD board/rockchip/evb_rk3568/built-in.o
LOAD common/init/built-in.o
LOAD disk/built-in.o
LOAD drivers/built-in.o
LOAD dts/built-in.o
LOAD fs/built-in.o
END GROUP
LOAD /home/avi/Buildroot-2/buildroot/output/host/lib/gcc/aarch64-buildroot-linux-gnu/11.3.0/libgcc.a
OUTPUT(u-boot-tpl elf64-littleaarch64)
LOAD linker stubs

.debug_line     0x0000000000000000     0x5f0a
 .debug_line    0x0000000000000000       0x52 arch/arm/cpu/armv8/start.o
 .debug_line    0x0000000000000052     0x1486 arch/arm/mach-rockchip/built-in.o
 .debug_line    0x00000000000014d8     0x17c2 arch/arm/cpu/armv8/built-in.o
 .debug_line    0x0000000000002c9a      0xb35 arch/arm/lib/built-in.o
 .debug_line    0x00000000000037cf      0x155 common/init/built-in.o
 .debug_line    0x0000000000003924      0x995 disk/built-in.o
 .debug_line    0x00000000000042b9     0x1c51 drivers/built-in.o

.debug_line_str
                0x0000000000000000      0x6f2
 .debug_line_str
                0x0000000000000000       0x24 arch/arm/cpu/armv8/start.o
                                         0x48 (size before relaxing)
 .debug_line_str
                0x0000000000000024      0x36b arch/arm/mach-rockchip/built-in.o
                                        0xce3 (size before relaxing)
 .debug_line_str
                0x000000000000038f      0x128 arch/arm/cpu/armv8/built-in.o
                                        0x720 (size before relaxing)
 .debug_line_str
                0x00000000000004b7      0x12e arch/arm/lib/built-in.o
                                        0xb3e (size before relaxing)
 .debug_line_str
                0x00000000000005e5       0x25 common/init/built-in.o
                                        0x174 (size before relaxing)
 .debug_line_str
                0x000000000000060a       0x2c disk/built-in.o
                                        0x199 (size before relaxing)
 .debug_line_str
                0x0000000000000636       0xbc drivers/built-in.o
                                        0x653 (size before relaxing)

.debug_info     0x0000000000000000    0x1aedf
 .debug_info    0x0000000000000000       0x28 arch/arm/cpu/armv8/start.o
 .debug_info    0x0000000000000028     0xa7a9 arch/arm/mach-rockchip/built-in.o
 .debug_info    0x000000000000a7d1     0x340d arch/arm/cpu/armv8/built-in.o
 .debug_info    0x000000000000dbde     0x3d7e arch/arm/lib/built-in.o
 .debug_info    0x000000000001195c      0x9b1 common/init/built-in.o
 .debug_info    0x000000000001230d     0x2163 disk/built-in.o
 .debug_info    0x0000000000014470     0x6a6f drivers/built-in.o

.debug_abbrev   0x0000000000000000     0x46c2
 .debug_abbrev  0x0000000000000000       0x14 arch/arm/cpu/armv8/start.o
 .debug_abbrev  0x0000000000000014     0x1852 arch/arm/mach-rockchip/built-in.o
 .debug_abbrev  0x0000000000001866      0xa66 arch/arm/cpu/armv8/built-in.o
 .debug_abbrev  0x00000000000022cc      0xd1d arch/arm/lib/built-in.o
 .debug_abbrev  0x0000000000002fe9      0x23a common/init/built-in.o
 .debug_abbrev  0x0000000000003223      0x566 disk/built-in.o
 .debug_abbrev  0x0000000000003789      0xf39 drivers/built-in.o

.debug_aranges  0x0000000000000000     0x1110
 .debug_aranges
                0x0000000000000000       0x30 arch/arm/cpu/armv8/start.o
 .debug_aranges
                0x0000000000000030      0x340 arch/arm/mach-rockchip/built-in.o
 .debug_aranges
                0x0000000000000370      0x490 arch/arm/cpu/armv8/built-in.o
 .debug_aranges
                0x0000000000000800      0x360 arch/arm/lib/built-in.o
 .debug_aranges
                0x0000000000000b60       0x60 common/init/built-in.o
 .debug_aranges
                0x0000000000000bc0      0x100 disk/built-in.o
 .debug_aranges
                0x0000000000000cc0      0x450 drivers/built-in.o

.debug_str      0x0000000000000000     0x5df9
 .debug_str     0x0000000000000000       0x50 arch/arm/cpu/armv8/start.o
 .debug_str     0x0000000000000050     0x49f5 arch/arm/mach-rockchip/built-in.o
                                       0x94ac (size before relaxing)
 .debug_str     0x0000000000004a45      0x592 arch/arm/cpu/armv8/built-in.o
                                       0x23ea (size before relaxing)
 .debug_str     0x0000000000004fd7      0x32b arch/arm/lib/built-in.o
                                       0x4189 (size before relaxing)
 .debug_str     0x0000000000005302       0x54 common/init/built-in.o
                                        0xba3 (size before relaxing)
 .debug_str     0x0000000000005356      0x510 disk/built-in.o
                                       0x10eb (size before relaxing)
 .debug_str     0x0000000000005866      0x593 drivers/built-in.o
                                       0x378c (size before relaxing)

.comment        0x0000000000000000       0x28
 .comment       0x0000000000000000       0x28 arch/arm/mach-rockchip/built-in.o
                                        0x11f (size before relaxing)
 .comment       0x0000000000000028       0xcd arch/arm/cpu/armv8/built-in.o
 .comment       0x0000000000000028      0x171 arch/arm/lib/built-in.o
 .comment       0x0000000000000028       0x29 common/init/built-in.o
 .comment       0x0000000000000028       0x29 disk/built-in.o
 .comment       0x0000000000000028       0xa4 drivers/built-in.o

.note.GNU-stack
                0x0000000000000000        0x0
 .note.GNU-stack
                0x0000000000000000        0x0 arch/arm/mach-rockchip/built-in.o
 .note.GNU-stack
                0x0000000000000000        0x0 arch/arm/cpu/armv8/built-in.o
 .note.GNU-stack
                0x0000000000000000        0x0 arch/arm/lib/built-in.o
 .note.GNU-stack
                0x0000000000000000        0x0 common/init/built-in.o
 .note.GNU-stack
                0x0000000000000000        0x0 disk/built-in.o
 .note.GNU-stack
                0x0000000000000000        0x0 drivers/built-in.o

.debug_loclists
                0x0000000000000000     0x5987
 .debug_loclists
                0x0000000000000000      0xf92 arch/arm/mach-rockchip/built-in.o
 .debug_loclists
                0x0000000000000f92     0x1586 arch/arm/cpu/armv8/built-in.o
 .debug_loclists
                0x0000000000002518      0x5de arch/arm/lib/built-in.o
 .debug_loclists
                0x0000000000002af6       0xfe common/init/built-in.o
 .debug_loclists
                0x0000000000002bf4      0xdce disk/built-in.o
 .debug_loclists
                0x00000000000039c2     0x1fc5 drivers/built-in.o

.debug_rnglists
                0x0000000000000000      0xfb6
 .debug_rnglists
                0x0000000000000000      0x2e0 arch/arm/mach-rockchip/built-in.o
 .debug_rnglists
                0x00000000000002e0      0x484 arch/arm/cpu/armv8/built-in.o
 .debug_rnglists
                0x0000000000000764      0x1a0 arch/arm/lib/built-in.o
 .debug_rnglists
                0x0000000000000904       0x45 common/init/built-in.o
 .debug_rnglists
                0x0000000000000949      0x116 disk/built-in.o
 .debug_rnglists
                0x0000000000000a5f      0x557 drivers/built-in.o
